******************************************************************************
                  TI ARM Linker PC v20.2.7                     
******************************************************************************
>> Linked Wed Oct  2 14:55:55 2024

OUTPUT FILE NAME:   <FreeRtosTest.out>
ENTRY POINT SYMBOL: "_c_int00_noargs"  address: 00003d41


MEMORY CONFIGURATION

         name            origin    length      used     unused   attr    fill
----------------------  --------  ---------  --------  --------  ----  --------
  FLASH                 00000000   00040000  00003e22  0003c1de  R  X
  SRAM                  20000000   00008000  00001340  00006cc0  RW X


SEGMENT ALLOCATION MAP

run origin  load origin   length   init length attrs members
----------  ----------- ---------- ----------- ----- -------
00000000    00000000    00003e28   00003e28    r-x
  00000000    00000000    0000026c   0000026c    r-- .intvecs
  0000026c    0000026c    00003b6a   00003b6a    r-x .text
  00003dd8    00003dd8    0000000c   0000000c    r-- .const
  00003de8    00003de8    00000040   00000040    r-- .cinit
20000000    20000000    00001344   00000000    rw-
  20000000    20000000    000010e4   00000000    rw- .bss
  200010e8    200010e8    00000200   00000000    rw- .stack
  200012e8    200012e8    0000005c   00000000    rw- .data


SECTION ALLOCATION MAP

 output                                  attributes/
section   page    origin      length       input sections
--------  ----  ----------  ----------   ----------------
.intvecs   0    00000000    0000026c     
                  00000000    0000026c     tm4c123gh6pm_startup_ccs.obj (.intvecs)

.text      0    0000026c    00003b6a     
                  0000026c    00001744     tasks.obj (.text)
                  000019b0    00000f2e     queue.obj (.text)
                  000028de    00000002     rtsv7M4_T_le_v4SPD16_eabi.lib : _lock.c.obj (.text:_nop)
                  000028e0    0000070c     timers.obj (.text)
                  00002fec    000002b4     port.obj (.text)
                  000032a0    000001dc     gpio.obj (.text)
                  0000347c    000001c8     uart0.obj (.text)
                  00003644    0000015c     main.obj (.text)
                  000037a0    0000012a     list.obj (.text)
                  000038ca    00000002     rtsv7M4_T_le_v4SPD16_eabi.lib : div0.asm.obj (.text)
                  000038cc    000000da     portasm.obj (.text)
                  000039a6    00000002     --HOLE-- [fill = 0]
                  000039a8    000000d0     heap_1.obj (.text)
                  00003a78    0000009c     rtsv7M4_T_le_v4SPD16_eabi.lib : memcpy_t2.asm.obj (.text)
                  00003b14    00000096                                   : ull_div_t2.asm.obj (.text)
                  00003baa    0000007a                                   : memset_t2.asm.obj (.text)
                  00003c24    0000006e                                   : ll_div_t2.asm.obj (.text)
                  00003c92    00000068                                   : copy_decompress_lzss.c.obj (.text:decompress:lzss:__TI_decompress_lzss)
                  00003cfa    00000002     --HOLE-- [fill = 0]
                  00003cfc    00000044                                   : autoinit.c.obj (.text:__TI_auto_init_nobinit_nopinit:__TI_auto_init_nobinit_nopinit)
                  00003d40    00000034                                   : boot_cortex_m.c.obj (.text:_c_int00_noargs:_c_int00_noargs)
                  00003d74    00000034                                   : rand.c.obj (.text:rand)
                  00003da8    0000000e                                   : copy_decompress_none.c.obj (.text:decompress:none:__TI_decompress_none)
                  00003db6    0000000c                                   : copy_zero_init.c.obj (.text:decompress:ZI:__TI_zero_init)
                  00003dc2    0000000c     tm4c123gh6pm_startup_ccs.obj (.text)
                  00003dce    00000004     rtsv7M4_T_le_v4SPD16_eabi.lib : pre_init.c.obj (.text:_system_pre_init)
                  00003dd2    00000004                                   : exit.c.obj (.text:abort:abort)

.const     0    00003dd8    0000000c     
                  00003dd8    00000008     port.obj (.const)
                  00003de0    00000004     tasks.obj (.const)

.cinit     0    00003de8    00000040     
                  00003de8    0000001b     (.cinit..data.load) [load image, compression = lzss]
                  00003e03    00000001     --HOLE-- [fill = 0]
                  00003e04    0000000c     (__TI_handler_table)
                  00003e10    00000008     (.cinit..bss.load) [load image, compression = zero_init]
                  00003e18    00000010     (__TI_cinit_table)

.init_array 
*          0    00000000    00000000     UNINITIALIZED

.bss       0    20000000    000010e4     UNINITIALIZED
                  20000000    00001000     heap_1.obj (.bss:ucHeap)
                  20001000    00000064     tasks.obj (.bss:pxReadyTasksLists)
                  20001064    00000014     timers.obj (.bss:xActiveTimerList1)
                  20001078    00000014     timers.obj (.bss:xActiveTimerList2)
                  2000108c    00000014     tasks.obj (.bss:xDelayedTaskList1)
                  200010a0    00000014     tasks.obj (.bss:xDelayedTaskList2)
                  200010b4    00000014     tasks.obj (.bss:xPendingReadyList)
                  200010c8    00000008     tasks.obj (.bss)
                  200010d0    00000008     timers.obj (.bss)
                  200010d8    00000004     (.common:binarySemaphore)
                  200010dc    00000004     (.common:queue)
                  200010e0    00000004     (.common:queueSet)

.data      0    200012e8    0000005c     UNINITIALIZED
                  200012e8    00000030     tasks.obj (.data)
                  20001318    0000000c     port.obj (.data)
                  20001324    0000000c     timers.obj (.data)
                  20001330    00000008     rtsv7M4_T_le_v4SPD16_eabi.lib : _lock.c.obj (.data:$O1$$)
                  20001338    00000008     heap_1.obj (.data)
                  20001340    00000004     rtsv7M4_T_le_v4SPD16_eabi.lib : rand.c.obj (.data)

.stack     0    200010e8    00000200     UNINITIALIZED
                  200010e8    00000004     rtsv7M4_T_le_v4SPD16_eabi.lib : boot_cortex_m.c.obj (.stack)
                  200010ec    000001fc     --HOLE--

__llvm_prf_cnts 
*          0    20000000    00000000     UNINITIALIZED

MODULE SUMMARY

       Module                         code    ro data   rw data
       ------                         ----    -------   -------
    .\
       tm4c123gh6pm_startup_ccs.obj   12      620       0      
       main.obj                       348     0         12     
    +--+------------------------------+-------+---------+---------+
       Total:                         360     620       12     
                                                               
    .\FreeRTOS\Source\
       tasks.obj                      5956    4         216    
       queue.obj                      3886    0         0      
       timers.obj                     1804    0         60     
       list.obj                       298     0         0      
    +--+------------------------------+-------+---------+---------+
       Total:                         11944   4         276    
                                                               
    .\FreeRTOS\Source\portable\CCS\ARM_CM4F\
       port.obj                       692     8         12     
       portasm.obj                    218     0         0      
    +--+------------------------------+-------+---------+---------+
       Total:                         910     8         12     
                                                               
    .\FreeRTOS\Source\portable\MemMang\
       heap_1.obj                     208     0         4104   
    +--+------------------------------+-------+---------+---------+
       Total:                         208     0         4104   
                                                               
    .\MCAL\GPIO\
       gpio.obj                       476     0         0      
    +--+------------------------------+-------+---------+---------+
       Total:                         476     0         0      
                                                               
    .\MCAL\UART\
       uart0.obj                      456     0         0      
    +--+------------------------------+-------+---------+---------+
       Total:                         456     0         0      
                                                               
    C:\ti\ccs1271\ccs\tools\compiler\ti-cgt-arm_20.2.7.LTS\lib\rtsv7M4_T_le_v4SPD16_eabi.lib
       memcpy_t2.asm.obj              156     0         0      
       ull_div_t2.asm.obj             150     0         0      
       memset_t2.asm.obj              122     0         0      
       ll_div_t2.asm.obj              110     0         0      
       copy_decompress_lzss.c.obj     104     0         0      
       autoinit.c.obj                 68      0         0      
       rand.c.obj                     52      0         4      
       boot_cortex_m.c.obj            52      0         0      
       copy_decompress_none.c.obj     14      0         0      
       copy_zero_init.c.obj           12      0         0      
       _lock.c.obj                    2       0         8      
       exit.c.obj                     4       0         0      
       pre_init.c.obj                 4       0         0      
       div0.asm.obj                   2       0         0      
    +--+------------------------------+-------+---------+---------+
       Total:                         852     0         12     
                                                               
       Stack:                         0       0         512    
       Linker Generated:              0       63        0      
    +--+------------------------------+-------+---------+---------+
       Grand Total:                   15206   695       4928   


LINKER GENERATED COPY TABLES

__TI_cinit_table @ 00003e18 records: 2, size/record: 8, table size: 16
	.data: load addr=00003de8, load size=0000001b bytes, run addr=200012e8, run size=0000005c bytes, compression=lzss
	.bss: load addr=00003e10, load size=00000008 bytes, run addr=20000000, run size=000010e4 bytes, compression=zero_init


LINKER GENERATED HANDLER TABLE

__TI_handler_table @ 00003e04 records: 3, size/record: 4, table size: 12
	index: 0, handler: __TI_decompress_lzss
	index: 1, handler: __TI_decompress_none
	index: 2, handler: __TI_zero_init


GLOBAL SYMBOLS: SORTED ALPHABETICALLY BY Name 

address   name                              
-------   ----                              
00003dd3  C$$EXIT                           
00003721  EventHandlerTask                  
00003345  GPIO_BlueLedOff                   
00003321  GPIO_BlueLedOn                    
00003369  GPIO_BlueLedToggle                
000032a1  GPIO_BuiltinButtonsLedsInit       
00003351  GPIO_GreenLedOff                  
0000332d  GPIO_GreenLedOn                   
00003375  GPIO_GreenLedToggle               
00003339  GPIO_RedLedOff                    
00003315  GPIO_RedLedOn                     
0000335d  GPIO_RedLedToggle                 
00003395  GPIO_SW1EdgeTriggeredInterruptInit
00003381  GPIO_SW1GetState                  
000033e3  GPIO_SW2EdgeTriggeredInterruptInit
0000338b  GPIO_SW2GetState                  
00003dc3  ResetISR                          
000034d3  UART0_Init                        
0000352f  UART0_ReceiveByte                 
00003513  UART0_SendByte                    
00003565  UART0_SendInteger                 
0000353f  UART0_SendString                  
200012e8  __STACK_END                       
00000200  __STACK_SIZE                      
200012e8  __STACK_TOP                       
00003e18  __TI_CINIT_Base                   
00003e28  __TI_CINIT_Limit                  
00003e04  __TI_Handler_Table_Base           
00003e10  __TI_Handler_Table_Limit          
00003cfd  __TI_auto_init_nobinit_nopinit    
00003c93  __TI_decompress_lzss              
00003da9  __TI_decompress_none              
ffffffff  __TI_pprof_out_hndl               
ffffffff  __TI_prof_data_size               
ffffffff  __TI_prof_data_start              
00000000  __TI_static_base__                
00003db7  __TI_zero_init                    
000038cb  __aeabi_idiv0                     
000038cb  __aeabi_ldiv0                     
00003c25  __aeabi_ldivmod                   
00003bab  __aeabi_memclr                    
00003bab  __aeabi_memclr4                   
00003bab  __aeabi_memclr8                   
00003a79  __aeabi_memcpy                    
00003a79  __aeabi_memcpy4                   
00003a79  __aeabi_memcpy8                   
00003bad  __aeabi_memset                    
00003bad  __aeabi_memset4                   
00003bad  __aeabi_memset8                   
00003b15  __aeabi_uldivmod                  
ffffffff  __binit__                         
ffffffff  __c_args__                        
UNDEFED   __mpu_init                        
200010e8  __stack                           
20000000  __start___llvm_prf_cnts           
20000000  __stop___llvm_prf_cnts            
00003d41  _c_int00_noargs                   
20001330  _lock                             
000028df  _nop                              
UNDEFED   _system_post_cinit                
00003dcf  _system_pre_init                  
20001334  _unlock                           
00003dd3  abort                             
200010d8  binarySemaphore                   
ffffffff  binit                             
000036ff  buttonTask                        
00000000  g_pfnVectors                      
00003645  main                              
00003a79  memcpy                            
00003bb3  memset                            
000007b1  pcTaskGetName                     
00002b45  pcTimerGetName                    
000039a9  pvPortMalloc                      
00002f7d  pvTimerGetTimerID                 
200012e8  pxCurrentTCB                      
00002fed  pxPortInitialiseStack             
200010dc  queue                             
200010e0  queueSet                          
00003d75  rand                              
000036dd  senderTask                        
00003dd8  ulMaxSyscallInterruptPriority     
000038dd  ulPortGetIPSR                     
000010ab  ulTaskGenericNotifyTake           
000018c9  ulTaskGenericNotifyValueClear     
00003883  uxListRemove                      
00002595  uxQueueMessagesWaiting            
000025f3  uxQueueMessagesWaitingFromISR     
000025bf  uxQueueSpacesAvailable            
00000799  uxTaskGetNumberOfTasks            
00001089  uxTaskResetEventItemValue         
00002b0b  uxTimerGetReloadMode              
00003de0  uxTopUsedPriority                 
000037a1  vListInitialise                   
000037d1  vListInitialiseItem               
0000381d  vListInsert                       
000037e1  vListInsertEnd                    
00003999  vPortEnableVFP                    
00003131  vPortEndScheduler                 
00003155  vPortEnterCritical                
00003197  vPortExitCritical                 
00003a35  vPortFree                         
00003a59  vPortInitialiseBlocks             
00003955  vPortSVCHandler                   
000031e9  vPortSetupTimerInterrupt          
00003975  vPortStartFirstTask               
00003203  vPortValidateInterruptPriority    
0000261d  vQueueDelete                      
00002883  vQueueWaitForMessageRestricted    
000004b9  vTaskDelay                        
00000581  vTaskEndScheduler                 
000016b1  vTaskGenericNotifyGiveFromISR     
00000ee1  vTaskInternalSetTimeOutState      
00000fa5  vTaskMissedYield                  
00000aad  vTaskPlaceOnEventList             
00000b83  vTaskPlaceOnEventListRestricted   
00000af1  vTaskPlaceOnUnorderedEventList    
00000d71  vTaskRemoveFromUnorderedEventList 
00000eaf  vTaskSetTimeOutState              
0000050b  vTaskStartScheduler               
0000059d  vTaskSuspendAll                   
00000a21  vTaskSwitchContext                
00002a85  vTimerSetReloadMode               
00002fab  vTimerSetTimerID                  
00003a61  xPortGetFreeHeapSize              
000038f5  xPortPendSVHandler                
00003079  xPortStartScheduler               
000031c3  xPortSysTickHandler               
UNDEFED   xQueueAddToSet                    
UNDEFED   xQueueCreateSet                   
00001ab1  xQueueGenericCreate               
000019b1  xQueueGenericReset                
00001b6d  xQueueGenericSend                 
00001d25  xQueueGenericSendFromISR          
00001e5d  xQueueGiveFromISR                 
000027ef  xQueueIsQueueEmptyFromISR         
00002849  xQueueIsQueueFullFromISR          
00002261  xQueuePeek                        
000024e5  xQueuePeekFromISR                 
00001f81  xQueueReceive                     
000023df  xQueueReceiveFromISR              
UNDEFED   xQueueSelectFromSet               
000020f9  xQueueSemaphoreTake               
000007e9  xTaskCatchUpTicks                 
00000f05  xTaskCheckForTimeOut              
0000026d  xTaskCreate                       
00001275  xTaskGenericNotify                
0000145b  xTaskGenericNotifyFromISR         
00001861  xTaskGenericNotifyStateClear      
0000116d  xTaskGenericNotifyWait            
00001053  xTaskGetCurrentTaskHandle         
00001063  xTaskGetSchedulerState            
00000775  xTaskGetTickCount                 
00000785  xTaskGetTickCountFromISR          
00000845  xTaskIncrementTick                
00000c11  xTaskRemoveFromEventList          
000005b5  xTaskResumeAll                    
0000291f  xTimerCreate                      
000028e1  xTimerCreateTimerTask             
000029bd  xTimerGenericCommand              
00002b17  xTimerGetExpiryTime               
00002a5f  xTimerGetPeriod                   
00002acf  xTimerGetReloadMode               
00002a3d  xTimerGetTimerDaemonTaskHandle    
00002f3d  xTimerIsTimerActive               


GLOBAL SYMBOLS: SORTED BY Symbol Address 

address   name                              
-------   ----                              
00000000  __TI_static_base__                
00000000  g_pfnVectors                      
00000200  __STACK_SIZE                      
0000026d  xTaskCreate                       
000004b9  vTaskDelay                        
0000050b  vTaskStartScheduler               
00000581  vTaskEndScheduler                 
0000059d  vTaskSuspendAll                   
000005b5  xTaskResumeAll                    
00000775  xTaskGetTickCount                 
00000785  xTaskGetTickCountFromISR          
00000799  uxTaskGetNumberOfTasks            
000007b1  pcTaskGetName                     
000007e9  xTaskCatchUpTicks                 
00000845  xTaskIncrementTick                
00000a21  vTaskSwitchContext                
00000aad  vTaskPlaceOnEventList             
00000af1  vTaskPlaceOnUnorderedEventList    
00000b83  vTaskPlaceOnEventListRestricted   
00000c11  xTaskRemoveFromEventList          
00000d71  vTaskRemoveFromUnorderedEventList 
00000eaf  vTaskSetTimeOutState              
00000ee1  vTaskInternalSetTimeOutState      
00000f05  xTaskCheckForTimeOut              
00000fa5  vTaskMissedYield                  
00001053  xTaskGetCurrentTaskHandle         
00001063  xTaskGetSchedulerState            
00001089  uxTaskResetEventItemValue         
000010ab  ulTaskGenericNotifyTake           
0000116d  xTaskGenericNotifyWait            
00001275  xTaskGenericNotify                
0000145b  xTaskGenericNotifyFromISR         
000016b1  vTaskGenericNotifyGiveFromISR     
00001861  xTaskGenericNotifyStateClear      
000018c9  ulTaskGenericNotifyValueClear     
000019b1  xQueueGenericReset                
00001ab1  xQueueGenericCreate               
00001b6d  xQueueGenericSend                 
00001d25  xQueueGenericSendFromISR          
00001e5d  xQueueGiveFromISR                 
00001f81  xQueueReceive                     
000020f9  xQueueSemaphoreTake               
00002261  xQueuePeek                        
000023df  xQueueReceiveFromISR              
000024e5  xQueuePeekFromISR                 
00002595  uxQueueMessagesWaiting            
000025bf  uxQueueSpacesAvailable            
000025f3  uxQueueMessagesWaitingFromISR     
0000261d  vQueueDelete                      
000027ef  xQueueIsQueueEmptyFromISR         
00002849  xQueueIsQueueFullFromISR          
00002883  vQueueWaitForMessageRestricted    
000028df  _nop                              
000028e1  xTimerCreateTimerTask             
0000291f  xTimerCreate                      
000029bd  xTimerGenericCommand              
00002a3d  xTimerGetTimerDaemonTaskHandle    
00002a5f  xTimerGetPeriod                   
00002a85  vTimerSetReloadMode               
00002acf  xTimerGetReloadMode               
00002b0b  uxTimerGetReloadMode              
00002b17  xTimerGetExpiryTime               
00002b45  pcTimerGetName                    
00002f3d  xTimerIsTimerActive               
00002f7d  pvTimerGetTimerID                 
00002fab  vTimerSetTimerID                  
00002fed  pxPortInitialiseStack             
00003079  xPortStartScheduler               
00003131  vPortEndScheduler                 
00003155  vPortEnterCritical                
00003197  vPortExitCritical                 
000031c3  xPortSysTickHandler               
000031e9  vPortSetupTimerInterrupt          
00003203  vPortValidateInterruptPriority    
000032a1  GPIO_BuiltinButtonsLedsInit       
00003315  GPIO_RedLedOn                     
00003321  GPIO_BlueLedOn                    
0000332d  GPIO_GreenLedOn                   
00003339  GPIO_RedLedOff                    
00003345  GPIO_BlueLedOff                   
00003351  GPIO_GreenLedOff                  
0000335d  GPIO_RedLedToggle                 
00003369  GPIO_BlueLedToggle                
00003375  GPIO_GreenLedToggle               
00003381  GPIO_SW1GetState                  
0000338b  GPIO_SW2GetState                  
00003395  GPIO_SW1EdgeTriggeredInterruptInit
000033e3  GPIO_SW2EdgeTriggeredInterruptInit
000034d3  UART0_Init                        
00003513  UART0_SendByte                    
0000352f  UART0_ReceiveByte                 
0000353f  UART0_SendString                  
00003565  UART0_SendInteger                 
00003645  main                              
000036dd  senderTask                        
000036ff  buttonTask                        
00003721  EventHandlerTask                  
000037a1  vListInitialise                   
000037d1  vListInitialiseItem               
000037e1  vListInsertEnd                    
0000381d  vListInsert                       
00003883  uxListRemove                      
000038cb  __aeabi_idiv0                     
000038cb  __aeabi_ldiv0                     
000038dd  ulPortGetIPSR                     
000038f5  xPortPendSVHandler                
00003955  vPortSVCHandler                   
00003975  vPortStartFirstTask               
00003999  vPortEnableVFP                    
000039a9  pvPortMalloc                      
00003a35  vPortFree                         
00003a59  vPortInitialiseBlocks             
00003a61  xPortGetFreeHeapSize              
00003a79  __aeabi_memcpy                    
00003a79  __aeabi_memcpy4                   
00003a79  __aeabi_memcpy8                   
00003a79  memcpy                            
00003b15  __aeabi_uldivmod                  
00003bab  __aeabi_memclr                    
00003bab  __aeabi_memclr4                   
00003bab  __aeabi_memclr8                   
00003bad  __aeabi_memset                    
00003bad  __aeabi_memset4                   
00003bad  __aeabi_memset8                   
00003bb3  memset                            
00003c25  __aeabi_ldivmod                   
00003c93  __TI_decompress_lzss              
00003cfd  __TI_auto_init_nobinit_nopinit    
00003d41  _c_int00_noargs                   
00003d75  rand                              
00003da9  __TI_decompress_none              
00003db7  __TI_zero_init                    
00003dc3  ResetISR                          
00003dcf  _system_pre_init                  
00003dd3  C$$EXIT                           
00003dd3  abort                             
00003dd8  ulMaxSyscallInterruptPriority     
00003de0  uxTopUsedPriority                 
00003e04  __TI_Handler_Table_Base           
00003e10  __TI_Handler_Table_Limit          
00003e18  __TI_CINIT_Base                   
00003e28  __TI_CINIT_Limit                  
20000000  __start___llvm_prf_cnts           
20000000  __stop___llvm_prf_cnts            
200010d8  binarySemaphore                   
200010dc  queue                             
200010e0  queueSet                          
200010e8  __stack                           
200012e8  __STACK_END                       
200012e8  __STACK_TOP                       
200012e8  pxCurrentTCB                      
20001330  _lock                             
20001334  _unlock                           
ffffffff  __TI_pprof_out_hndl               
ffffffff  __TI_prof_data_size               
ffffffff  __TI_prof_data_start              
ffffffff  __binit__                         
ffffffff  __c_args__                        
ffffffff  binit                             
UNDEFED   __mpu_init                        
UNDEFED   _system_post_cinit                
UNDEFED   xQueueAddToSet                    
UNDEFED   xQueueCreateSet                   
UNDEFED   xQueueSelectFromSet               

[164 symbols]
