<?xml version="1.0" encoding="ISO-8859-1" ?>
<link_info>
   <banner>TI ARM Linker PC v20.2.7.LTS</banner>
   <copyright>Copyright (c) 1996-2018 Texas Instruments Incorporated</copyright>
   <link_time>0x67226396</link_time>
   <link_errors>0x0</link_errors>
   <output_file>SeatHeaterControlSystem.out</output_file>
   <entry_point>
      <name>_c_int00_noargs</name>
      <address>0x554d</address>
   </entry_point>
   <input_file_list>
      <input_file id="fl-2">
         <path>.\</path>
         <kind>object</kind>
         <file>SeatHeaterControlSystem.obj</file>
         <name>SeatHeaterControlSystem.obj</name>
      </input_file>
      <input_file id="fl-3">
         <path>.\</path>
         <kind>object</kind>
         <file>Task.obj</file>
         <name>Task.obj</name>
      </input_file>
      <input_file id="fl-4">
         <path>.\</path>
         <kind>object</kind>
         <file>tm4c123gh6pm_startup_ccs.obj</file>
         <name>tm4c123gh6pm_startup_ccs.obj</name>
      </input_file>
      <input_file id="fl-5">
         <path>.\FreeRTOS\Source\</path>
         <kind>object</kind>
         <file>event_groups.obj</file>
         <name>event_groups.obj</name>
      </input_file>
      <input_file id="fl-6">
         <path>.\FreeRTOS\Source\</path>
         <kind>object</kind>
         <file>list.obj</file>
         <name>list.obj</name>
      </input_file>
      <input_file id="fl-7">
         <path>.\FreeRTOS\Source\</path>
         <kind>object</kind>
         <file>queue.obj</file>
         <name>queue.obj</name>
      </input_file>
      <input_file id="fl-8">
         <path>.\FreeRTOS\Source\</path>
         <kind>object</kind>
         <file>tasks.obj</file>
         <name>tasks.obj</name>
      </input_file>
      <input_file id="fl-9">
         <path>.\FreeRTOS\Source\</path>
         <kind>object</kind>
         <file>timers.obj</file>
         <name>timers.obj</name>
      </input_file>
      <input_file id="fl-a">
         <path>.\FreeRTOS\Source\portable\CCS\ARM_CM4F\</path>
         <kind>object</kind>
         <file>port.obj</file>
         <name>port.obj</name>
      </input_file>
      <input_file id="fl-b">
         <path>.\FreeRTOS\Source\portable\CCS\ARM_CM4F\</path>
         <kind>object</kind>
         <file>portasm.obj</file>
         <name>portasm.obj</name>
      </input_file>
      <input_file id="fl-c">
         <path>.\FreeRTOS\Source\portable\MemMang\</path>
         <kind>object</kind>
         <file>heap_4.obj</file>
         <name>heap_4.obj</name>
      </input_file>
      <input_file id="fl-d">
         <path>.\MCAL\ADC0\</path>
         <kind>object</kind>
         <file>ADC0.obj</file>
         <name>ADC0.obj</name>
      </input_file>
      <input_file id="fl-e">
         <path>.\MCAL\GPIO\</path>
         <kind>object</kind>
         <file>gpio.obj</file>
         <name>gpio.obj</name>
      </input_file>
      <input_file id="fl-f">
         <path>.\MCAL\GPTM\</path>
         <kind>object</kind>
         <file>GPTM.obj</file>
         <name>GPTM.obj</name>
      </input_file>
      <input_file id="fl-10">
         <path>.\MCAL\UART\</path>
         <kind>object</kind>
         <file>uart0.obj</file>
         <name>uart0.obj</name>
      </input_file>
      <input_file id="fl-14">
         <kind>object</kind>
         <file>&lt;internal&gt;</file>
         <name>&lt;internal&gt;</name>
      </input_file>
      <input_file id="fl-ca">
         <path>C:\ti\ccs1271\ccs\tools\compiler\ti-cgt-arm_20.2.7.LTS\lib\</path>
         <kind>archive</kind>
         <file>rtsv7M4_T_le_v4SPD16_eabi.lib</file>
         <name>memcpy_t2.asm.obj</name>
      </input_file>
      <input_file id="fl-cb">
         <path>C:\ti\ccs1271\ccs\tools\compiler\ti-cgt-arm_20.2.7.LTS\lib\</path>
         <kind>archive</kind>
         <file>rtsv7M4_T_le_v4SPD16_eabi.lib</file>
         <name>memset_t2.asm.obj</name>
      </input_file>
      <input_file id="fl-cc">
         <path>C:\ti\ccs1271\ccs\tools\compiler\ti-cgt-arm_20.2.7.LTS\lib\</path>
         <kind>archive</kind>
         <file>rtsv7M4_T_le_v4SPD16_eabi.lib</file>
         <name>ll_div_t2.asm.obj</name>
      </input_file>
      <input_file id="fl-cd">
         <path>C:\ti\ccs1271\ccs\tools\compiler\ti-cgt-arm_20.2.7.LTS\lib\</path>
         <kind>archive</kind>
         <file>rtsv7M4_T_le_v4SPD16_eabi.lib</file>
         <name>ull_div_t2.asm.obj</name>
      </input_file>
      <input_file id="fl-ce">
         <path>C:\ti\ccs1271\ccs\tools\compiler\ti-cgt-arm_20.2.7.LTS\lib\</path>
         <kind>archive</kind>
         <file>rtsv7M4_T_le_v4SPD16_eabi.lib</file>
         <name>copy_zero_init.c.obj</name>
      </input_file>
      <input_file id="fl-cf">
         <path>C:\ti\ccs1271\ccs\tools\compiler\ti-cgt-arm_20.2.7.LTS\lib\</path>
         <kind>archive</kind>
         <file>rtsv7M4_T_le_v4SPD16_eabi.lib</file>
         <name>copy_decompress_none.c.obj</name>
      </input_file>
      <input_file id="fl-d0">
         <path>C:\ti\ccs1271\ccs\tools\compiler\ti-cgt-arm_20.2.7.LTS\lib\</path>
         <kind>archive</kind>
         <file>rtsv7M4_T_le_v4SPD16_eabi.lib</file>
         <name>copy_decompress_lzss.c.obj</name>
      </input_file>
      <input_file id="fl-d1">
         <path>C:\ti\ccs1271\ccs\tools\compiler\ti-cgt-arm_20.2.7.LTS\lib\</path>
         <kind>archive</kind>
         <file>rtsv7M4_T_le_v4SPD16_eabi.lib</file>
         <name>boot_cortex_m.c.obj</name>
      </input_file>
      <input_file id="fl-d2">
         <path>C:\ti\ccs1271\ccs\tools\compiler\ti-cgt-arm_20.2.7.LTS\lib\</path>
         <kind>archive</kind>
         <file>rtsv7M4_T_le_v4SPD16_eabi.lib</file>
         <name>div0.asm.obj</name>
      </input_file>
      <input_file id="fl-d3">
         <path>C:\ti\ccs1271\ccs\tools\compiler\ti-cgt-arm_20.2.7.LTS\lib\</path>
         <kind>archive</kind>
         <file>rtsv7M4_T_le_v4SPD16_eabi.lib</file>
         <name>autoinit.c.obj</name>
      </input_file>
      <input_file id="fl-d4">
         <path>C:\ti\ccs1271\ccs\tools\compiler\ti-cgt-arm_20.2.7.LTS\lib\</path>
         <kind>archive</kind>
         <file>rtsv7M4_T_le_v4SPD16_eabi.lib</file>
         <name>pre_init.c.obj</name>
      </input_file>
      <input_file id="fl-d5">
         <path>C:\ti\ccs1271\ccs\tools\compiler\ti-cgt-arm_20.2.7.LTS\lib\</path>
         <kind>archive</kind>
         <file>rtsv7M4_T_le_v4SPD16_eabi.lib</file>
         <name>cpy_tbl.c.obj</name>
      </input_file>
      <input_file id="fl-d6">
         <path>C:\ti\ccs1271\ccs\tools\compiler\ti-cgt-arm_20.2.7.LTS\lib\</path>
         <kind>archive</kind>
         <file>rtsv7M4_T_le_v4SPD16_eabi.lib</file>
         <name>exit.c.obj</name>
      </input_file>
      <input_file id="fl-d7">
         <path>C:\ti\ccs1271\ccs\tools\compiler\ti-cgt-arm_20.2.7.LTS\lib\</path>
         <kind>archive</kind>
         <file>rtsv7M4_T_le_v4SPD16_eabi.lib</file>
         <name>_lock.c.obj</name>
      </input_file>
      <input_file id="fl-d8">
         <path>C:\ti\ccs1271\ccs\tools\compiler\ti-cgt-arm_20.2.7.LTS\lib\</path>
         <kind>archive</kind>
         <file>rtsv7M4_T_le_v4SPD16_eabi.lib</file>
         <name>args_main.c.obj</name>
      </input_file>
   </input_file_list>
   <object_component_list>
      <object_component id="oc-12">
         <name>.intvecs</name>
         <load_address>0x0</load_address>
         <run_address>0x0</run_address>
         <size>0x26c</size>
         <input_file_ref idref="fl-4"/>
      </object_component>
      <object_component id="oc-85">
         <name>.text</name>
         <load_address>0x26c</load_address>
         <run_address>0x26c</run_address>
         <size>0x1c30</size>
         <input_file_ref idref="fl-8"/>
      </object_component>
      <object_component id="oc-a1">
         <name>.text</name>
         <load_address>0x1e9c</load_address>
         <run_address>0x1e9c</run_address>
         <size>0x100e</size>
         <input_file_ref idref="fl-7"/>
      </object_component>
      <object_component id="oc-25b">
         <name>.text</name>
         <load_address>0x2eaa</load_address>
         <run_address>0x2eaa</run_address>
         <size>0x2</size>
         <input_file_ref idref="fl-d2"/>
      </object_component>
      <object_component id="oc-38">
         <name>.text</name>
         <load_address>0x2eac</load_address>
         <run_address>0x2eac</run_address>
         <size>0xa54</size>
         <input_file_ref idref="fl-3"/>
      </object_component>
      <object_component id="oc-13c">
         <name>.text</name>
         <load_address>0x3900</load_address>
         <run_address>0x3900</run_address>
         <size>0x7bc</size>
         <input_file_ref idref="fl-9"/>
      </object_component>
      <object_component id="oc-130">
         <name>.text</name>
         <load_address>0x40bc</load_address>
         <run_address>0x40bc</run_address>
         <size>0x458</size>
         <input_file_ref idref="fl-c"/>
      </object_component>
      <object_component id="oc-115">
         <name>.text</name>
         <load_address>0x4514</load_address>
         <run_address>0x4514</run_address>
         <size>0x394</size>
         <input_file_ref idref="fl-2"/>
      </object_component>
      <object_component id="oc-32">
         <name>.text</name>
         <load_address>0x48a8</load_address>
         <run_address>0x48a8</run_address>
         <size>0x2b4</size>
         <input_file_ref idref="fl-a"/>
      </object_component>
      <object_component id="oc-b3">
         <name>.text</name>
         <load_address>0x4b5c</load_address>
         <run_address>0x4b5c</run_address>
         <size>0x1dc</size>
         <input_file_ref idref="fl-e"/>
      </object_component>
      <object_component id="oc-a7">
         <name>.text</name>
         <load_address>0x4d38</load_address>
         <run_address>0x4d38</run_address>
         <size>0x1c8</size>
         <input_file_ref idref="fl-10"/>
      </object_component>
      <object_component id="oc-ad">
         <name>.text</name>
         <load_address>0x4f00</load_address>
         <run_address>0x4f00</run_address>
         <size>0x12c</size>
         <input_file_ref idref="fl-d"/>
      </object_component>
      <object_component id="oc-136">
         <name>.text</name>
         <load_address>0x502c</load_address>
         <run_address>0x502c</run_address>
         <size>0x12a</size>
         <input_file_ref idref="fl-6"/>
      </object_component>
      <object_component id="oc-2d">
         <name>.text</name>
         <load_address>0x5158</load_address>
         <run_address>0x5158</run_address>
         <size>0xda</size>
         <input_file_ref idref="fl-b"/>
      </object_component>
      <object_component id="oc-4c">
         <name>.text</name>
         <load_address>0x5232</load_address>
         <run_address>0x5232</run_address>
         <size>0x9c</size>
         <input_file_ref idref="fl-ca"/>
      </object_component>
      <object_component id="oc-260">
         <name>.text</name>
         <load_address>0x52ce</load_address>
         <run_address>0x52ce</run_address>
         <size>0x96</size>
         <input_file_ref idref="fl-cd"/>
      </object_component>
      <object_component id="oc-109">
         <name>.text</name>
         <load_address>0x5364</load_address>
         <run_address>0x5364</run_address>
         <size>0x7a</size>
         <input_file_ref idref="fl-cb"/>
      </object_component>
      <object_component id="oc-189">
         <name>.text</name>
         <load_address>0x53de</load_address>
         <run_address>0x53de</run_address>
         <size>0x6e</size>
         <input_file_ref idref="fl-cc"/>
      </object_component>
      <object_component id="oc-15">
         <name>.text:decompress:lzss:__TI_decompress_lzss</name>
         <load_address>0x544c</load_address>
         <run_address>0x544c</run_address>
         <size>0x68</size>
         <input_file_ref idref="fl-d0"/>
      </object_component>
      <object_component id="oc-d5">
         <name>.text</name>
         <load_address>0x54b4</load_address>
         <run_address>0x54b4</run_address>
         <size>0x54</size>
         <input_file_ref idref="fl-f"/>
      </object_component>
      <object_component id="oc-204">
         <name>.text:__TI_auto_init_nobinit_nopinit:__TI_auto_init_nobinit_nopinit</name>
         <load_address>0x5508</load_address>
         <run_address>0x5508</run_address>
         <size>0x44</size>
         <input_file_ref idref="fl-d3"/>
      </object_component>
      <object_component id="oc-6a">
         <name>.text:_c_int00_noargs:_c_int00_noargs</name>
         <load_address>0x554c</load_address>
         <run_address>0x554c</run_address>
         <size>0x34</size>
         <input_file_ref idref="fl-d1"/>
      </object_component>
      <object_component id="oc-1b">
         <name>.text:decompress:none:__TI_decompress_none</name>
         <load_address>0x5580</load_address>
         <run_address>0x5580</run_address>
         <size>0xe</size>
         <input_file_ref idref="fl-cf"/>
      </object_component>
      <object_component id="oc-5e">
         <name>.text:decompress:ZI:__TI_zero_init</name>
         <load_address>0x558e</load_address>
         <run_address>0x558e</run_address>
         <size>0xc</size>
         <input_file_ref idref="fl-ce"/>
      </object_component>
      <object_component id="oc-27">
         <name>.text</name>
         <load_address>0x559a</load_address>
         <run_address>0x559a</run_address>
         <size>0xc</size>
         <input_file_ref idref="fl-4"/>
      </object_component>
      <object_component id="oc-10f">
         <name>.text:_system_pre_init</name>
         <load_address>0x55a6</load_address>
         <run_address>0x55a6</run_address>
         <size>0x4</size>
         <input_file_ref idref="fl-d4"/>
      </object_component>
      <object_component id="oc-1f8">
         <name>.text:abort:abort</name>
         <load_address>0x55aa</load_address>
         <run_address>0x55aa</run_address>
         <size>0x4</size>
         <input_file_ref idref="fl-d6"/>
      </object_component>
      <object_component id="oc-82">
         <name>.const</name>
         <load_address>0x55b0</load_address>
         <run_address>0x55b0</run_address>
         <size>0x8</size>
         <input_file_ref idref="fl-a"/>
      </object_component>
      <object_component id="oc-146">
         <name>.const</name>
         <load_address>0x55b8</load_address>
         <run_address>0x55b8</run_address>
         <size>0x4</size>
         <input_file_ref idref="fl-8"/>
      </object_component>
      <object_component id="oc-2f5">
         <name>.cinit..data.load</name>
         <load_address>0x55c0</load_address>
         <run_address>0x55c0</run_address>
         <size>0x13</size>
      </object_component>
      <object_component id="oc-2f3">
         <name>__TI_handler_table</name>
         <load_address>0x55d4</load_address>
         <run_address>0x55d4</run_address>
         <size>0xc</size>
      </object_component>
      <object_component id="oc-2f6">
         <name>.cinit..bss.load</name>
         <load_address>0x55e0</load_address>
         <run_address>0x55e0</run_address>
         <size>0x8</size>
      </object_component>
      <object_component id="oc-2f4">
         <name>__TI_cinit_table</name>
         <load_address>0x55e8</load_address>
         <run_address>0x55e8</run_address>
         <size>0x10</size>
      </object_component>
      <object_component id="oc-b9">
         <name>.data</name>
         <load_address>0x200043fc</load_address>
         <run_address>0x200043fc</run_address>
         <size>0x2</size>
         <input_file_ref idref="fl-3"/>
      </object_component>
      <object_component id="oc-7f">
         <name>.data</name>
         <load_address>0x200043a0</load_address>
         <run_address>0x200043a0</run_address>
         <size>0x30</size>
         <input_file_ref idref="fl-8"/>
      </object_component>
      <object_component id="oc-242">
         <name>.data</name>
         <load_address>0x200043f0</load_address>
         <run_address>0x200043f0</run_address>
         <size>0xc</size>
         <input_file_ref idref="fl-9"/>
      </object_component>
      <object_component id="oc-8c">
         <name>.data</name>
         <load_address>0x200043e4</load_address>
         <run_address>0x200043e4</run_address>
         <size>0xc</size>
         <input_file_ref idref="fl-a"/>
      </object_component>
      <object_component id="oc-236">
         <name>.data</name>
         <load_address>0x200043d0</load_address>
         <run_address>0x200043d0</run_address>
         <size>0x14</size>
         <input_file_ref idref="fl-c"/>
      </object_component>
      <object_component id="oc-142">
         <name>.bss:pxReadyTasksLists</name>
         <uninitialized>true</uninitialized>
         <run_address>0x20004000</run_address>
         <size>0x64</size>
         <input_file_ref idref="fl-8"/>
      </object_component>
      <object_component id="oc-150">
         <name>.bss:xDelayedTaskList1</name>
         <uninitialized>true</uninitialized>
         <run_address>0x200040fc</run_address>
         <size>0x14</size>
         <input_file_ref idref="fl-8"/>
      </object_component>
      <object_component id="oc-153">
         <name>.bss:xDelayedTaskList2</name>
         <uninitialized>true</uninitialized>
         <run_address>0x20004110</run_address>
         <size>0x14</size>
         <input_file_ref idref="fl-8"/>
      </object_component>
      <object_component id="oc-14c">
         <name>.bss</name>
         <uninitialized>true</uninitialized>
         <run_address>0x20004138</run_address>
         <size>0x8</size>
         <input_file_ref idref="fl-8"/>
      </object_component>
      <object_component id="oc-149">
         <name>.bss:xPendingReadyList</name>
         <uninitialized>true</uninitialized>
         <run_address>0x20004124</run_address>
         <size>0x14</size>
         <input_file_ref idref="fl-8"/>
      </object_component>
      <object_component id="oc-248">
         <name>.bss:xActiveTimerList1</name>
         <uninitialized>true</uninitialized>
         <run_address>0x200040d4</run_address>
         <size>0x14</size>
         <input_file_ref idref="fl-9"/>
      </object_component>
      <object_component id="oc-24b">
         <name>.bss:xActiveTimerList2</name>
         <uninitialized>true</uninitialized>
         <run_address>0x200040e8</run_address>
         <size>0x14</size>
         <input_file_ref idref="fl-9"/>
      </object_component>
      <object_component id="oc-245">
         <name>.bss</name>
         <uninitialized>true</uninitialized>
         <run_address>0x20004140</run_address>
         <size>0x8</size>
         <input_file_ref idref="fl-9"/>
      </object_component>
      <object_component id="oc-23c">
         <name>.bss:ucHeap</name>
         <uninitialized>true</uninitialized>
         <run_address>0x20000000</run_address>
         <size>0x4000</size>
         <input_file_ref idref="fl-c"/>
      </object_component>
      <object_component id="oc-239">
         <name>.bss:xStart</name>
         <uninitialized>true</uninitialized>
         <run_address>0x20004148</run_address>
         <size>0x8</size>
         <input_file_ref idref="fl-c"/>
      </object_component>
      <object_component id="oc-14f">
         <name>.common:ullTasksOutTime</name>
         <uninitialized>true</uninitialized>
         <run_address>0x2000409c</run_address>
         <size>0x1c</size>
      </object_component>
      <object_component id="oc-145">
         <name>.common:ullTasksInTime</name>
         <uninitialized>true</uninitialized>
         <run_address>0x20004080</run_address>
         <size>0x1c</size>
      </object_component>
      <object_component id="oc-dc">
         <name>.common:ullTasksTotalTime</name>
         <uninitialized>true</uninitialized>
         <run_address>0x200040b8</run_address>
         <size>0x1c</size>
      </object_component>
      <object_component id="oc-db">
         <name>.common:ullTaskExecutiontime</name>
         <uninitialized>true</uninitialized>
         <run_address>0x20004064</run_address>
         <size>0x1c</size>
      </object_component>
      <object_component id="oc-1f0">
         <name>.common:GetDesiredTemperatureTask_Handle</name>
         <uninitialized>true</uninitialized>
         <run_address>0x20004170</run_address>
         <size>0x4</size>
      </object_component>
      <object_component id="oc-1f1">
         <name>.common:HeaterControlTask_Handle</name>
         <uninitialized>true</uninitialized>
         <run_address>0x20004178</run_address>
         <size>0x4</size>
      </object_component>
      <object_component id="oc-1f2">
         <name>.common:GetCurrentTemperatureTask_Handle</name>
         <uninitialized>true</uninitialized>
         <run_address>0x20004168</run_address>
         <size>0x4</size>
      </object_component>
      <object_component id="oc-1f3">
         <name>.common:DisplayScreenTask_Handle</name>
         <uninitialized>true</uninitialized>
         <run_address>0x20004158</run_address>
         <size>0x4</size>
      </object_component>
      <object_component id="oc-1f4">
         <name>.common:FailureHandlingTask_Handle</name>
         <uninitialized>true</uninitialized>
         <run_address>0x20004160</run_address>
         <size>0x4</size>
      </object_component>
      <object_component id="oc-1f5">
         <name>.common:RunTimeMeasurementsTask_Handle</name>
         <uninitialized>true</uninitialized>
         <run_address>0x20004188</run_address>
         <size>0x4</size>
      </object_component>
      <object_component id="oc-1ef">
         <name>.common:xDebounceTimerHandle</name>
         <uninitialized>true</uninitialized>
         <run_address>0x20004194</run_address>
         <size>0x4</size>
      </object_component>
      <object_component id="oc-cb">
         <name>.common:GetDesiredTemperatureTask_SEMAPHORE</name>
         <uninitialized>true</uninitialized>
         <run_address>0x20004174</run_address>
         <size>0x4</size>
      </object_component>
      <object_component id="oc-cf">
         <name>.common:FailureHandlingTask_SEMAPHORE</name>
         <uninitialized>true</uninitialized>
         <run_address>0x20004164</run_address>
         <size>0x4</size>
      </object_component>
      <object_component id="oc-ce">
         <name>.common:GetCurrentTemperatureTask_SEMAPHORE</name>
         <uninitialized>true</uninitialized>
         <run_address>0x2000416c</run_address>
         <size>0x4</size>
      </object_component>
      <object_component id="oc-d1">
         <name>.common:HeaterControlTask_SEMAPHORE</name>
         <uninitialized>true</uninitialized>
         <run_address>0x2000417c</run_address>
         <size>0x4</size>
      </object_component>
      <object_component id="oc-d3">
         <name>.common:DisplayScreenTask_SEMAPHORE</name>
         <uninitialized>true</uninitialized>
         <run_address>0x2000415c</run_address>
         <size>0x4</size>
      </object_component>
      <object_component id="oc-d4">
         <name>.common:RunTimeMeasurementsTask_SEMAPHORE</name>
         <uninitialized>true</uninitialized>
         <run_address>0x2000418c</run_address>
         <size>0x4</size>
      </object_component>
      <object_component id="oc-cc">
         <name>.common:UART_MUTEX</name>
         <uninitialized>true</uninitialized>
         <run_address>0x20004190</run_address>
         <size>0x4</size>
      </object_component>
      <object_component id="oc-bc">
         <name>.common:ButtonPressedTimes_Queue</name>
         <uninitialized>true</uninitialized>
         <run_address>0x20004150</run_address>
         <size>0x4</size>
      </object_component>
      <object_component id="oc-cd">
         <name>.common:HeatingLevel_Queue</name>
         <uninitialized>true</uninitialized>
         <run_address>0x20004184</run_address>
         <size>0x4</size>
      </object_component>
      <object_component id="oc-d0">
         <name>.common:CurrentTemperature_Queue</name>
         <uninitialized>true</uninitialized>
         <run_address>0x20004154</run_address>
         <size>0x4</size>
      </object_component>
      <object_component id="oc-1f6">
         <name>.common:HeaterState_Queue</name>
         <uninitialized>true</uninitialized>
         <run_address>0x20004180</run_address>
         <size>0x4</size>
      </object_component>
      <object_component id="oc-d2">
         <name>.common:gSystemStatus</name>
         <uninitialized>true</uninitialized>
         <run_address>0x20004198</run_address>
         <size>0x3</size>
      </object_component>
      <object_component id="oc-24">
         <name>.stack</name>
         <uninitialized>true</uninitialized>
         <run_address>0x200041a0</run_address>
         <size>0x4</size>
         <input_file_ref idref="fl-d1"/>
      </object_component>
      <object_component id="oc-2f8">
         <name>.stack</name>
         <uninitialized>true</uninitialized>
         <run_address>0x200041a0</run_address>
         <size>0x0</size>
      </object_component>
      <object_component id="oc-bd">
         <name>.debug_info</name>
         <load_address>0x0</load_address>
         <run_address>0x0</run_address>
         <size>0xde7</size>
         <input_file_ref idref="fl-2"/>
      </object_component>
      <object_component id="oc-116">
         <name>.debug_info</name>
         <load_address>0xde7</load_address>
         <run_address>0xde7</run_address>
         <size>0x533</size>
         <input_file_ref idref="fl-2"/>
      </object_component>
      <object_component id="oc-165">
         <name>.debug_info</name>
         <load_address>0x131a</load_address>
         <run_address>0x131a</run_address>
         <size>0x30c</size>
         <input_file_ref idref="fl-2"/>
      </object_component>
      <object_component id="oc-de">
         <name>.debug_info</name>
         <load_address>0x1626</load_address>
         <run_address>0x1626</run_address>
         <size>0xe2</size>
         <input_file_ref idref="fl-2"/>
      </object_component>
      <object_component id="oc-ef">
         <name>.debug_info</name>
         <load_address>0x1708</load_address>
         <run_address>0x1708</run_address>
         <size>0x26b</size>
         <input_file_ref idref="fl-2"/>
      </object_component>
      <object_component id="oc-16f">
         <name>.debug_info</name>
         <load_address>0x1973</load_address>
         <run_address>0x1973</run_address>
         <size>0x3f8</size>
         <input_file_ref idref="fl-2"/>
      </object_component>
      <object_component id="oc-15b">
         <name>.debug_info</name>
         <load_address>0x1d6b</load_address>
         <run_address>0x1d6b</run_address>
         <size>0x4f</size>
         <input_file_ref idref="fl-2"/>
      </object_component>
      <object_component id="oc-174">
         <name>.debug_info</name>
         <load_address>0x1dba</load_address>
         <run_address>0x1dba</run_address>
         <size>0x2c</size>
         <input_file_ref idref="fl-2"/>
      </object_component>
      <object_component id="oc-47">
         <name>.debug_info</name>
         <load_address>0x1de6</load_address>
         <run_address>0x1de6</run_address>
         <size>0x84</size>
         <input_file_ref idref="fl-2"/>
      </object_component>
      <object_component id="oc-92">
         <name>.debug_info</name>
         <load_address>0x1e6a</load_address>
         <run_address>0x1e6a</run_address>
         <size>0x2c</size>
         <input_file_ref idref="fl-2"/>
      </object_component>
      <object_component id="oc-e8">
         <name>.debug_info</name>
         <load_address>0x1e96</load_address>
         <run_address>0x1e96</run_address>
         <size>0x4f</size>
         <input_file_ref idref="fl-2"/>
      </object_component>
      <object_component id="oc-179">
         <name>.debug_info</name>
         <load_address>0x1ee5</load_address>
         <run_address>0x1ee5</run_address>
         <size>0x2a4</size>
         <input_file_ref idref="fl-2"/>
      </object_component>
      <object_component id="oc-9c">
         <name>.debug_info</name>
         <load_address>0x2189</load_address>
         <run_address>0x2189</run_address>
         <size>0xbb</size>
         <input_file_ref idref="fl-2"/>
      </object_component>
      <object_component id="oc-e3">
         <name>.debug_info</name>
         <load_address>0x2244</load_address>
         <run_address>0x2244</run_address>
         <size>0xae</size>
         <input_file_ref idref="fl-2"/>
      </object_component>
      <object_component id="oc-160">
         <name>.debug_info</name>
         <load_address>0x22f2</load_address>
         <run_address>0x22f2</run_address>
         <size>0x53</size>
         <input_file_ref idref="fl-2"/>
      </object_component>
      <object_component id="oc-97">
         <name>.debug_info</name>
         <load_address>0x2345</load_address>
         <run_address>0x2345</run_address>
         <size>0x53</size>
         <input_file_ref idref="fl-2"/>
      </object_component>
      <object_component id="oc-16a">
         <name>.debug_info</name>
         <load_address>0x2398</load_address>
         <run_address>0x2398</run_address>
         <size>0x14c</size>
         <input_file_ref idref="fl-2"/>
      </object_component>
      <object_component id="oc-bf">
         <name>.debug_info</name>
         <load_address>0x24e4</load_address>
         <run_address>0x24e4</run_address>
         <size>0xd52</size>
         <input_file_ref idref="fl-3"/>
      </object_component>
      <object_component id="oc-ba">
         <name>.debug_info</name>
         <load_address>0x3236</load_address>
         <run_address>0x3236</run_address>
         <size>0xdd</size>
         <input_file_ref idref="fl-3"/>
      </object_component>
      <object_component id="oc-3a">
         <name>.debug_info</name>
         <load_address>0x3313</load_address>
         <run_address>0x3313</run_address>
         <size>0x12c0</size>
         <input_file_ref idref="fl-3"/>
      </object_component>
      <object_component id="oc-198">
         <name>.debug_info</name>
         <load_address>0x45d3</load_address>
         <run_address>0x45d3</run_address>
         <size>0x72</size>
         <input_file_ref idref="fl-3"/>
      </object_component>
      <object_component id="oc-40">
         <name>.debug_info</name>
         <load_address>0x4645</load_address>
         <run_address>0x4645</run_address>
         <size>0x361</size>
         <input_file_ref idref="fl-4"/>
      </object_component>
      <object_component id="oc-13">
         <name>.debug_info</name>
         <load_address>0x49a6</load_address>
         <run_address>0x49a6</run_address>
         <size>0xf6</size>
         <input_file_ref idref="fl-4"/>
      </object_component>
      <object_component id="oc-28">
         <name>.debug_info</name>
         <load_address>0x4a9c</load_address>
         <run_address>0x4a9c</run_address>
         <size>0x272</size>
         <input_file_ref idref="fl-4"/>
      </object_component>
      <object_component id="oc-c1">
         <name>.debug_info</name>
         <load_address>0x4d0e</load_address>
         <run_address>0x4d0e</run_address>
         <size>0xc45</size>
         <input_file_ref idref="fl-5"/>
      </object_component>
      <object_component id="oc-184">
         <name>.debug_info</name>
         <load_address>0x5953</load_address>
         <run_address>0x5953</run_address>
         <size>0x110</size>
         <input_file_ref idref="fl-5"/>
      </object_component>
      <object_component id="oc-1a9">
         <name>.debug_info</name>
         <load_address>0x5a63</load_address>
         <run_address>0x5a63</run_address>
         <size>0x3f8</size>
         <input_file_ref idref="fl-5"/>
      </object_component>
      <object_component id="oc-19f">
         <name>.debug_info</name>
         <load_address>0x5e5b</load_address>
         <run_address>0x5e5b</run_address>
         <size>0x62</size>
         <input_file_ref idref="fl-5"/>
      </object_component>
      <object_component id="oc-1a4">
         <name>.debug_info</name>
         <load_address>0x5ebd</load_address>
         <run_address>0x5ebd</run_address>
         <size>0x39</size>
         <input_file_ref idref="fl-5"/>
      </object_component>
      <object_component id="oc-1d9">
         <name>.debug_info</name>
         <load_address>0x5ef6</load_address>
         <run_address>0x5ef6</run_address>
         <size>0x109</size>
         <input_file_ref idref="fl-5"/>
      </object_component>
      <object_component id="oc-241">
         <name>.debug_info</name>
         <load_address>0x5fff</load_address>
         <run_address>0x5fff</run_address>
         <size>0x38f</size>
         <input_file_ref idref="fl-6"/>
      </object_component>
      <object_component id="oc-137">
         <name>.debug_info</name>
         <load_address>0x638e</load_address>
         <run_address>0x638e</run_address>
         <size>0x4ff</size>
         <input_file_ref idref="fl-6"/>
      </object_component>
      <object_component id="oc-c3">
         <name>.debug_info</name>
         <load_address>0x688d</load_address>
         <run_address>0x688d</run_address>
         <size>0xed2</size>
         <input_file_ref idref="fl-7"/>
      </object_component>
      <object_component id="oc-a3">
         <name>.debug_info</name>
         <load_address>0x775f</load_address>
         <run_address>0x775f</run_address>
         <size>0x31fb</size>
         <input_file_ref idref="fl-7"/>
      </object_component>
      <object_component id="oc-1b0">
         <name>.debug_info</name>
         <load_address>0xa95a</load_address>
         <run_address>0xa95a</run_address>
         <size>0x1c7</size>
         <input_file_ref idref="fl-7"/>
      </object_component>
      <object_component id="oc-17f">
         <name>.debug_info</name>
         <load_address>0xab21</load_address>
         <run_address>0xab21</run_address>
         <size>0x46</size>
         <input_file_ref idref="fl-7"/>
      </object_component>
      <object_component id="oc-1ba">
         <name>.debug_info</name>
         <load_address>0xab67</load_address>
         <run_address>0xab67</run_address>
         <size>0x2c</size>
         <input_file_ref idref="fl-7"/>
      </object_component>
      <object_component id="oc-1b5">
         <name>.debug_info</name>
         <load_address>0xab93</load_address>
         <run_address>0xab93</run_address>
         <size>0x35</size>
         <input_file_ref idref="fl-7"/>
      </object_component>
      <object_component id="oc-c5">
         <name>.debug_info</name>
         <load_address>0xabc8</load_address>
         <run_address>0xabc8</run_address>
         <size>0xd88</size>
         <input_file_ref idref="fl-8"/>
      </object_component>
      <object_component id="oc-80">
         <name>.debug_info</name>
         <load_address>0xb950</load_address>
         <run_address>0xb950</run_address>
         <size>0x30b</size>
         <input_file_ref idref="fl-8"/>
      </object_component>
      <object_component id="oc-143">
         <name>.debug_info</name>
         <load_address>0xbc5b</load_address>
         <run_address>0xbc5b</run_address>
         <size>0xfd</size>
         <input_file_ref idref="fl-8"/>
      </object_component>
      <object_component id="oc-151">
         <name>.debug_info</name>
         <load_address>0xbd58</load_address>
         <run_address>0xbd58</run_address>
         <size>0xfd</size>
         <input_file_ref idref="fl-8"/>
      </object_component>
      <object_component id="oc-154">
         <name>.debug_info</name>
         <load_address>0xbe55</load_address>
         <run_address>0xbe55</run_address>
         <size>0xfd</size>
         <input_file_ref idref="fl-8"/>
      </object_component>
      <object_component id="oc-14d">
         <name>.debug_info</name>
         <load_address>0xbf52</load_address>
         <run_address>0xbf52</run_address>
         <size>0x140</size>
         <input_file_ref idref="fl-8"/>
      </object_component>
      <object_component id="oc-14a">
         <name>.debug_info</name>
         <load_address>0xc092</load_address>
         <run_address>0xc092</run_address>
         <size>0xfd</size>
         <input_file_ref idref="fl-8"/>
      </object_component>
      <object_component id="oc-147">
         <name>.debug_info</name>
         <load_address>0xc18f</load_address>
         <run_address>0xc18f</run_address>
         <size>0xfe</size>
         <input_file_ref idref="fl-8"/>
      </object_component>
      <object_component id="oc-88">
         <name>.debug_info</name>
         <load_address>0xc28d</load_address>
         <run_address>0xc28d</run_address>
         <size>0x41bd</size>
         <input_file_ref idref="fl-8"/>
      </object_component>
      <object_component id="oc-129">
         <name>.debug_info</name>
         <load_address>0x1044a</load_address>
         <run_address>0x1044a</run_address>
         <size>0x303</size>
         <input_file_ref idref="fl-8"/>
      </object_component>
      <object_component id="oc-1c1">
         <name>.debug_info</name>
         <load_address>0x1074d</load_address>
         <run_address>0x1074d</run_address>
         <size>0x130</size>
         <input_file_ref idref="fl-8"/>
      </object_component>
      <object_component id="oc-c7">
         <name>.debug_info</name>
         <load_address>0x1087d</load_address>
         <run_address>0x1087d</run_address>
         <size>0xdee</size>
         <input_file_ref idref="fl-9"/>
      </object_component>
      <object_component id="oc-249">
         <name>.debug_info</name>
         <load_address>0x1166b</load_address>
         <run_address>0x1166b</run_address>
         <size>0xfd</size>
         <input_file_ref idref="fl-9"/>
      </object_component>
      <object_component id="oc-24c">
         <name>.debug_info</name>
         <load_address>0x11768</load_address>
         <run_address>0x11768</run_address>
         <size>0xfd</size>
         <input_file_ref idref="fl-9"/>
      </object_component>
      <object_component id="oc-246">
         <name>.debug_info</name>
         <load_address>0x11865</load_address>
         <run_address>0x11865</run_address>
         <size>0x135</size>
         <input_file_ref idref="fl-9"/>
      </object_component>
      <object_component id="oc-243">
         <name>.debug_info</name>
         <load_address>0x1199a</load_address>
         <run_address>0x1199a</run_address>
         <size>0x121</size>
         <input_file_ref idref="fl-9"/>
      </object_component>
      <object_component id="oc-13e">
         <name>.debug_info</name>
         <load_address>0x11abb</load_address>
         <run_address>0x11abb</run_address>
         <size>0x23b8</size>
         <input_file_ref idref="fl-9"/>
      </object_component>
      <object_component id="oc-1cd">
         <name>.debug_info</name>
         <load_address>0x13e73</load_address>
         <run_address>0x13e73</run_address>
         <size>0x1ce</size>
         <input_file_ref idref="fl-9"/>
      </object_component>
      <object_component id="oc-1c8">
         <name>.debug_info</name>
         <load_address>0x14041</load_address>
         <run_address>0x14041</run_address>
         <size>0x46</size>
         <input_file_ref idref="fl-9"/>
      </object_component>
      <object_component id="oc-90">
         <name>.debug_info</name>
         <load_address>0x14087</load_address>
         <run_address>0x14087</run_address>
         <size>0xa59</size>
         <input_file_ref idref="fl-a"/>
      </object_component>
      <object_component id="oc-83">
         <name>.debug_info</name>
         <load_address>0x14ae0</load_address>
         <run_address>0x14ae0</run_address>
         <size>0x172</size>
         <input_file_ref idref="fl-a"/>
      </object_component>
      <object_component id="oc-8d">
         <name>.debug_info</name>
         <load_address>0x14c52</load_address>
         <run_address>0x14c52</run_address>
         <size>0x17d</size>
         <input_file_ref idref="fl-a"/>
      </object_component>
      <object_component id="oc-33">
         <name>.debug_info</name>
         <load_address>0x14dcf</load_address>
         <run_address>0x14dcf</run_address>
         <size>0x909</size>
         <input_file_ref idref="fl-a"/>
      </object_component>
      <object_component id="oc-30">
         <name>.debug_info</name>
         <load_address>0x156d8</load_address>
         <run_address>0x156d8</run_address>
         <size>0x25f</size>
         <input_file_ref idref="fl-b"/>
      </object_component>
      <object_component id="oc-c9">
         <name>.debug_info</name>
         <load_address>0x15937</load_address>
         <run_address>0x15937</run_address>
         <size>0xaa5</size>
         <input_file_ref idref="fl-c"/>
      </object_component>
      <object_component id="oc-23d">
         <name>.debug_info</name>
         <load_address>0x163dc</load_address>
         <run_address>0x163dc</run_address>
         <size>0xf8</size>
         <input_file_ref idref="fl-c"/>
      </object_component>
      <object_component id="oc-23a">
         <name>.debug_info</name>
         <load_address>0x164d4</load_address>
         <run_address>0x164d4</run_address>
         <size>0xf8</size>
         <input_file_ref idref="fl-c"/>
      </object_component>
      <object_component id="oc-237">
         <name>.debug_info</name>
         <load_address>0x165cc</load_address>
         <run_address>0x165cc</run_address>
         <size>0x204</size>
         <input_file_ref idref="fl-c"/>
      </object_component>
      <object_component id="oc-132">
         <name>.debug_info</name>
         <load_address>0x167d0</load_address>
         <run_address>0x167d0</run_address>
         <size>0xaf2</size>
         <input_file_ref idref="fl-c"/>
      </object_component>
      <object_component id="oc-1d4">
         <name>.debug_info</name>
         <load_address>0x172c2</load_address>
         <run_address>0x172c2</run_address>
         <size>0x62</size>
         <input_file_ref idref="fl-c"/>
      </object_component>
      <object_component id="oc-ae">
         <name>.debug_info</name>
         <load_address>0x17324</load_address>
         <run_address>0x17324</run_address>
         <size>0x1a9</size>
         <input_file_ref idref="fl-d"/>
      </object_component>
      <object_component id="oc-b7">
         <name>.debug_info</name>
         <load_address>0x174cd</load_address>
         <run_address>0x174cd</run_address>
         <size>0x6cd</size>
         <input_file_ref idref="fl-e"/>
      </object_component>
      <object_component id="oc-d7">
         <name>.debug_info</name>
         <load_address>0x17b9a</load_address>
         <run_address>0x17b9a</run_address>
         <size>0x19d</size>
         <input_file_ref idref="fl-f"/>
      </object_component>
      <object_component id="oc-18f">
         <name>.debug_info</name>
         <load_address>0x17d37</load_address>
         <run_address>0x17d37</run_address>
         <size>0x277</size>
         <input_file_ref idref="fl-10"/>
      </object_component>
      <object_component id="oc-ab">
         <name>.debug_info</name>
         <load_address>0x17fae</load_address>
         <run_address>0x17fae</run_address>
         <size>0x477</size>
         <input_file_ref idref="fl-10"/>
      </object_component>
      <object_component id="oc-4f">
         <name>.debug_info</name>
         <load_address>0x18425</load_address>
         <run_address>0x18425</run_address>
         <size>0x119</size>
         <input_file_ref idref="fl-ca"/>
      </object_component>
      <object_component id="oc-10b">
         <name>.debug_info</name>
         <load_address>0x1853e</load_address>
         <run_address>0x1853e</run_address>
         <size>0x147</size>
         <input_file_ref idref="fl-cb"/>
      </object_component>
      <object_component id="oc-18c">
         <name>.debug_info</name>
         <load_address>0x18685</load_address>
         <run_address>0x18685</run_address>
         <size>0x13f</size>
         <input_file_ref idref="fl-cc"/>
      </object_component>
      <object_component id="oc-261">
         <name>.debug_info</name>
         <load_address>0x187c4</load_address>
         <run_address>0x187c4</run_address>
         <size>0x134</size>
         <input_file_ref idref="fl-cd"/>
      </object_component>
      <object_component id="oc-108">
         <name>.debug_info</name>
         <load_address>0x188f8</load_address>
         <run_address>0x188f8</run_address>
         <size>0x2d4</size>
         <input_file_ref idref="fl-ce"/>
      </object_component>
      <object_component id="oc-5f">
         <name>.debug_info</name>
         <load_address>0x18bcc</load_address>
         <run_address>0x18bcc</run_address>
         <size>0x1b5</size>
         <input_file_ref idref="fl-ce"/>
      </object_component>
      <object_component id="oc-103">
         <name>.debug_info</name>
         <load_address>0x18d81</load_address>
         <run_address>0x18d81</run_address>
         <size>0x46</size>
         <input_file_ref idref="fl-ce"/>
      </object_component>
      <object_component id="oc-1e6">
         <name>.debug_info</name>
         <load_address>0x18dc7</load_address>
         <run_address>0x18dc7</run_address>
         <size>0x2c</size>
         <input_file_ref idref="fl-ce"/>
      </object_component>
      <object_component id="oc-57">
         <name>.debug_info</name>
         <load_address>0x18df3</load_address>
         <run_address>0x18df3</run_address>
         <size>0x2a8</size>
         <input_file_ref idref="fl-cf"/>
      </object_component>
      <object_component id="oc-1f">
         <name>.debug_info</name>
         <load_address>0x1909b</load_address>
         <run_address>0x1909b</run_address>
         <size>0x1ea</size>
         <input_file_ref idref="fl-cf"/>
      </object_component>
      <object_component id="oc-52">
         <name>.debug_info</name>
         <load_address>0x19285</load_address>
         <run_address>0x19285</run_address>
         <size>0x46</size>
         <input_file_ref idref="fl-cf"/>
      </object_component>
      <object_component id="oc-fb">
         <name>.debug_info</name>
         <load_address>0x192cb</load_address>
         <run_address>0x192cb</run_address>
         <size>0x2c</size>
         <input_file_ref idref="fl-cf"/>
      </object_component>
      <object_component id="oc-f9">
         <name>.debug_info</name>
         <load_address>0x192f7</load_address>
         <run_address>0x192f7</run_address>
         <size>0x29e</size>
         <input_file_ref idref="fl-d0"/>
      </object_component>
      <object_component id="oc-19">
         <name>.debug_info</name>
         <load_address>0x19595</load_address>
         <run_address>0x19595</run_address>
         <size>0x250</size>
         <input_file_ref idref="fl-d0"/>
      </object_component>
      <object_component id="oc-42">
         <name>.debug_info</name>
         <load_address>0x197e5</load_address>
         <run_address>0x197e5</run_address>
         <size>0x60</size>
         <input_file_ref idref="fl-d0"/>
      </object_component>
      <object_component id="oc-1df">
         <name>.debug_info</name>
         <load_address>0x19845</load_address>
         <run_address>0x19845</run_address>
         <size>0x46</size>
         <input_file_ref idref="fl-d0"/>
      </object_component>
      <object_component id="oc-f4">
         <name>.debug_info</name>
         <load_address>0x1988b</load_address>
         <run_address>0x1988b</run_address>
         <size>0x39</size>
         <input_file_ref idref="fl-d0"/>
      </object_component>
      <object_component id="oc-25">
         <name>.debug_info</name>
         <load_address>0x198c4</load_address>
         <run_address>0x198c4</run_address>
         <size>0x10b</size>
         <input_file_ref idref="fl-d1"/>
      </object_component>
      <object_component id="oc-6c">
         <name>.debug_info</name>
         <load_address>0x199cf</load_address>
         <run_address>0x199cf</run_address>
         <size>0x1a9</size>
         <input_file_ref idref="fl-d1"/>
      </object_component>
      <object_component id="oc-25c">
         <name>.debug_info</name>
         <load_address>0x19b78</load_address>
         <run_address>0x19b78</run_address>
         <size>0x115</size>
         <input_file_ref idref="fl-d2"/>
      </object_component>
      <object_component id="oc-273">
         <name>.debug_info</name>
         <load_address>0x19c8d</load_address>
         <run_address>0x19c8d</run_address>
         <size>0x4b3</size>
         <input_file_ref idref="fl-d3"/>
      </object_component>
      <object_component id="oc-205">
         <name>.debug_info</name>
         <load_address>0x1a140</load_address>
         <run_address>0x1a140</run_address>
         <size>0x1a6</size>
         <input_file_ref idref="fl-d3"/>
      </object_component>
      <object_component id="oc-2aa">
         <name>.debug_info</name>
         <load_address>0x1a2e6</load_address>
         <run_address>0x1a2e6</run_address>
         <size>0x39</size>
         <input_file_ref idref="fl-d3"/>
      </object_component>
      <object_component id="oc-2be">
         <name>.debug_info</name>
         <load_address>0x1a31f</load_address>
         <run_address>0x1a31f</run_address>
         <size>0x39</size>
         <input_file_ref idref="fl-d3"/>
      </object_component>
      <object_component id="oc-2af">
         <name>.debug_info</name>
         <load_address>0x1a358</load_address>
         <run_address>0x1a358</run_address>
         <size>0x39</size>
         <input_file_ref idref="fl-d3"/>
      </object_component>
      <object_component id="oc-2b4">
         <name>.debug_info</name>
         <load_address>0x1a391</load_address>
         <run_address>0x1a391</run_address>
         <size>0xcd</size>
         <input_file_ref idref="fl-d3"/>
      </object_component>
      <object_component id="oc-110">
         <name>.debug_info</name>
         <load_address>0x1a45e</load_address>
         <run_address>0x1a45e</run_address>
         <size>0x153</size>
         <input_file_ref idref="fl-d4"/>
      </object_component>
      <object_component id="oc-1fa">
         <name>.debug_info</name>
         <load_address>0x1a5b1</load_address>
         <run_address>0x1a5b1</run_address>
         <size>0x122</size>
         <input_file_ref idref="fl-d6"/>
      </object_component>
      <object_component id="oc-2f9">
         <name>.debug_info</name>
         <load_address>0x1a6d3</load_address>
         <run_address>0x1a6d3</run_address>
         <size>0xa9</size>
      </object_component>
      <object_component id="oc-195">
         <name>.debug_line</name>
         <load_address>0x0</load_address>
         <run_address>0x0</run_address>
         <size>0x28c</size>
         <input_file_ref idref="fl-2"/>
      </object_component>
      <object_component id="oc-119">
         <name>.debug_line</name>
         <load_address>0x28c</load_address>
         <run_address>0x28c</run_address>
         <size>0x95</size>
         <input_file_ref idref="fl-2"/>
      </object_component>
      <object_component id="oc-168">
         <name>.debug_line</name>
         <load_address>0x321</load_address>
         <run_address>0x321</run_address>
         <size>0x77</size>
         <input_file_ref idref="fl-2"/>
      </object_component>
      <object_component id="oc-e1">
         <name>.debug_line</name>
         <load_address>0x398</load_address>
         <run_address>0x398</run_address>
         <size>0x5f</size>
         <input_file_ref idref="fl-2"/>
      </object_component>
      <object_component id="oc-f2">
         <name>.debug_line</name>
         <load_address>0x3f7</load_address>
         <run_address>0x3f7</run_address>
         <size>0x6f</size>
         <input_file_ref idref="fl-2"/>
      </object_component>
      <object_component id="oc-172">
         <name>.debug_line</name>
         <load_address>0x466</load_address>
         <run_address>0x466</run_address>
         <size>0x7b</size>
         <input_file_ref idref="fl-2"/>
      </object_component>
      <object_component id="oc-15e">
         <name>.debug_line</name>
         <load_address>0x4e1</load_address>
         <run_address>0x4e1</run_address>
         <size>0x78</size>
         <input_file_ref idref="fl-2"/>
      </object_component>
      <object_component id="oc-177">
         <name>.debug_line</name>
         <load_address>0x559</load_address>
         <run_address>0x559</run_address>
         <size>0x79</size>
         <input_file_ref idref="fl-2"/>
      </object_component>
      <object_component id="oc-4a">
         <name>.debug_line</name>
         <load_address>0x5d2</load_address>
         <run_address>0x5d2</run_address>
         <size>0x20</size>
         <input_file_ref idref="fl-2"/>
      </object_component>
      <object_component id="oc-95">
         <name>.debug_line</name>
         <load_address>0x5f2</load_address>
         <run_address>0x5f2</run_address>
         <size>0x7b</size>
         <input_file_ref idref="fl-2"/>
      </object_component>
      <object_component id="oc-eb">
         <name>.debug_line</name>
         <load_address>0x66d</load_address>
         <run_address>0x66d</run_address>
         <size>0x79</size>
         <input_file_ref idref="fl-2"/>
      </object_component>
      <object_component id="oc-17c">
         <name>.debug_line</name>
         <load_address>0x6e6</load_address>
         <run_address>0x6e6</run_address>
         <size>0x73</size>
         <input_file_ref idref="fl-2"/>
      </object_component>
      <object_component id="oc-9f">
         <name>.debug_line</name>
         <load_address>0x759</load_address>
         <run_address>0x759</run_address>
         <size>0x70</size>
         <input_file_ref idref="fl-2"/>
      </object_component>
      <object_component id="oc-e6">
         <name>.debug_line</name>
         <load_address>0x7c9</load_address>
         <run_address>0x7c9</run_address>
         <size>0x6b</size>
         <input_file_ref idref="fl-2"/>
      </object_component>
      <object_component id="oc-163">
         <name>.debug_line</name>
         <load_address>0x834</load_address>
         <run_address>0x834</run_address>
         <size>0x6b</size>
         <input_file_ref idref="fl-2"/>
      </object_component>
      <object_component id="oc-9a">
         <name>.debug_line</name>
         <load_address>0x89f</load_address>
         <run_address>0x89f</run_address>
         <size>0x8a</size>
         <input_file_ref idref="fl-2"/>
      </object_component>
      <object_component id="oc-16d">
         <name>.debug_line</name>
         <load_address>0x929</load_address>
         <run_address>0x929</run_address>
         <size>0x77</size>
         <input_file_ref idref="fl-2"/>
      </object_component>
      <object_component id="oc-197">
         <name>.debug_line</name>
         <load_address>0x9a0</load_address>
         <run_address>0x9a0</run_address>
         <size>0x253</size>
         <input_file_ref idref="fl-3"/>
      </object_component>
      <object_component id="oc-193">
         <name>.debug_line</name>
         <load_address>0xbf3</load_address>
         <run_address>0xbf3</run_address>
         <size>0x5f</size>
         <input_file_ref idref="fl-3"/>
      </object_component>
      <object_component id="oc-3d">
         <name>.debug_line</name>
         <load_address>0xc52</load_address>
         <run_address>0xc52</run_address>
         <size>0x2d3</size>
         <input_file_ref idref="fl-3"/>
      </object_component>
      <object_component id="oc-19b">
         <name>.debug_line</name>
         <load_address>0xf25</load_address>
         <run_address>0xf25</run_address>
         <size>0x2d</size>
         <input_file_ref idref="fl-3"/>
      </object_component>
      <object_component id="oc-ee">
         <name>.debug_line</name>
         <load_address>0xf52</load_address>
         <run_address>0xf52</run_address>
         <size>0x41</size>
         <input_file_ref idref="fl-4"/>
      </object_component>
      <object_component id="oc-3f">
         <name>.debug_line</name>
         <load_address>0xf93</load_address>
         <run_address>0xf93</run_address>
         <size>0x41</size>
         <input_file_ref idref="fl-4"/>
      </object_component>
      <object_component id="oc-2b">
         <name>.debug_line</name>
         <load_address>0xfd4</load_address>
         <run_address>0xfd4</run_address>
         <size>0xa1</size>
         <input_file_ref idref="fl-4"/>
      </object_component>
      <object_component id="oc-19e">
         <name>.debug_line</name>
         <load_address>0x1075</load_address>
         <run_address>0x1075</run_address>
         <size>0x1d2</size>
         <input_file_ref idref="fl-5"/>
      </object_component>
      <object_component id="oc-187">
         <name>.debug_line</name>
         <load_address>0x1247</load_address>
         <run_address>0x1247</run_address>
         <size>0x6b</size>
         <input_file_ref idref="fl-5"/>
      </object_component>
      <object_component id="oc-1ac">
         <name>.debug_line</name>
         <load_address>0x12b2</load_address>
         <run_address>0x12b2</run_address>
         <size>0x7b</size>
         <input_file_ref idref="fl-5"/>
      </object_component>
      <object_component id="oc-1a2">
         <name>.debug_line</name>
         <load_address>0x132d</load_address>
         <run_address>0x132d</run_address>
         <size>0x45</size>
         <input_file_ref idref="fl-5"/>
      </object_component>
      <object_component id="oc-1a7">
         <name>.debug_line</name>
         <load_address>0x1372</load_address>
         <run_address>0x1372</run_address>
         <size>0x7f</size>
         <input_file_ref idref="fl-5"/>
      </object_component>
      <object_component id="oc-1dc">
         <name>.debug_line</name>
         <load_address>0x13f1</load_address>
         <run_address>0x13f1</run_address>
         <size>0x7b</size>
         <input_file_ref idref="fl-5"/>
      </object_component>
      <object_component id="oc-28f">
         <name>.debug_line</name>
         <load_address>0x146c</load_address>
         <run_address>0x146c</run_address>
         <size>0x20</size>
         <input_file_ref idref="fl-6"/>
      </object_component>
      <object_component id="oc-13b">
         <name>.debug_line</name>
         <load_address>0x148c</load_address>
         <run_address>0x148c</run_address>
         <size>0xf0</size>
         <input_file_ref idref="fl-6"/>
      </object_component>
      <object_component id="oc-1af">
         <name>.debug_line</name>
         <load_address>0x157c</load_address>
         <run_address>0x157c</run_address>
         <size>0x1d2</size>
         <input_file_ref idref="fl-7"/>
      </object_component>
      <object_component id="oc-a6">
         <name>.debug_line</name>
         <load_address>0x174e</load_address>
         <run_address>0x174e</run_address>
         <size>0x773</size>
         <input_file_ref idref="fl-7"/>
      </object_component>
      <object_component id="oc-1b3">
         <name>.debug_line</name>
         <load_address>0x1ec1</load_address>
         <run_address>0x1ec1</run_address>
         <size>0x3e</size>
         <input_file_ref idref="fl-7"/>
      </object_component>
      <object_component id="oc-182">
         <name>.debug_line</name>
         <load_address>0x1eff</load_address>
         <run_address>0x1eff</run_address>
         <size>0x78</size>
         <input_file_ref idref="fl-7"/>
      </object_component>
      <object_component id="oc-1bd">
         <name>.debug_line</name>
         <load_address>0x1f77</load_address>
         <run_address>0x1f77</run_address>
         <size>0x79</size>
         <input_file_ref idref="fl-7"/>
      </object_component>
      <object_component id="oc-1b8">
         <name>.debug_line</name>
         <load_address>0x1ff0</load_address>
         <run_address>0x1ff0</run_address>
         <size>0x74</size>
         <input_file_ref idref="fl-7"/>
      </object_component>
      <object_component id="oc-1c0">
         <name>.debug_line</name>
         <load_address>0x2064</load_address>
         <run_address>0x2064</run_address>
         <size>0x268</size>
         <input_file_ref idref="fl-8"/>
      </object_component>
      <object_component id="oc-128">
         <name>.debug_line</name>
         <load_address>0x22cc</load_address>
         <run_address>0x22cc</run_address>
         <size>0x3e</size>
         <input_file_ref idref="fl-8"/>
      </object_component>
      <object_component id="oc-250">
         <name>.debug_line</name>
         <load_address>0x230a</load_address>
         <run_address>0x230a</run_address>
         <size>0x3e</size>
         <input_file_ref idref="fl-8"/>
      </object_component>
      <object_component id="oc-258">
         <name>.debug_line</name>
         <load_address>0x2348</load_address>
         <run_address>0x2348</run_address>
         <size>0x3e</size>
         <input_file_ref idref="fl-8"/>
      </object_component>
      <object_component id="oc-25a">
         <name>.debug_line</name>
         <load_address>0x2386</load_address>
         <run_address>0x2386</run_address>
         <size>0x3e</size>
         <input_file_ref idref="fl-8"/>
      </object_component>
      <object_component id="oc-256">
         <name>.debug_line</name>
         <load_address>0x23c4</load_address>
         <run_address>0x23c4</run_address>
         <size>0x3e</size>
         <input_file_ref idref="fl-8"/>
      </object_component>
      <object_component id="oc-254">
         <name>.debug_line</name>
         <load_address>0x2402</load_address>
         <run_address>0x2402</run_address>
         <size>0x3e</size>
         <input_file_ref idref="fl-8"/>
      </object_component>
      <object_component id="oc-252">
         <name>.debug_line</name>
         <load_address>0x2440</load_address>
         <run_address>0x2440</run_address>
         <size>0x3e</size>
         <input_file_ref idref="fl-8"/>
      </object_component>
      <object_component id="oc-87">
         <name>.debug_line</name>
         <load_address>0x247e</load_address>
         <run_address>0x247e</run_address>
         <size>0xa22</size>
         <input_file_ref idref="fl-8"/>
      </object_component>
      <object_component id="oc-12c">
         <name>.debug_line</name>
         <load_address>0x2ea0</load_address>
         <run_address>0x2ea0</run_address>
         <size>0x77</size>
         <input_file_ref idref="fl-8"/>
      </object_component>
      <object_component id="oc-1c4">
         <name>.debug_line</name>
         <load_address>0x2f17</load_address>
         <run_address>0x2f17</run_address>
         <size>0x3e</size>
         <input_file_ref idref="fl-8"/>
      </object_component>
      <object_component id="oc-1c7">
         <name>.debug_line</name>
         <load_address>0x2f55</load_address>
         <run_address>0x2f55</run_address>
         <size>0x22a</size>
         <input_file_ref idref="fl-9"/>
      </object_component>
      <object_component id="oc-295">
         <name>.debug_line</name>
         <load_address>0x317f</load_address>
         <run_address>0x317f</run_address>
         <size>0x3f</size>
         <input_file_ref idref="fl-9"/>
      </object_component>
      <object_component id="oc-297">
         <name>.debug_line</name>
         <load_address>0x31be</load_address>
         <run_address>0x31be</run_address>
         <size>0x3f</size>
         <input_file_ref idref="fl-9"/>
      </object_component>
      <object_component id="oc-293">
         <name>.debug_line</name>
         <load_address>0x31fd</load_address>
         <run_address>0x31fd</run_address>
         <size>0x3f</size>
         <input_file_ref idref="fl-9"/>
      </object_component>
      <object_component id="oc-291">
         <name>.debug_line</name>
         <load_address>0x323c</load_address>
         <run_address>0x323c</run_address>
         <size>0x3f</size>
         <input_file_ref idref="fl-9"/>
      </object_component>
      <object_component id="oc-141">
         <name>.debug_line</name>
         <load_address>0x327b</load_address>
         <run_address>0x327b</run_address>
         <size>0x4d8</size>
         <input_file_ref idref="fl-9"/>
      </object_component>
      <object_component id="oc-1d0">
         <name>.debug_line</name>
         <load_address>0x3753</load_address>
         <run_address>0x3753</run_address>
         <size>0x3f</size>
         <input_file_ref idref="fl-9"/>
      </object_component>
      <object_component id="oc-1cb">
         <name>.debug_line</name>
         <load_address>0x3792</load_address>
         <run_address>0x3792</run_address>
         <size>0x79</size>
         <input_file_ref idref="fl-9"/>
      </object_component>
      <object_component id="oc-15a">
         <name>.debug_line</name>
         <load_address>0x380b</load_address>
         <run_address>0x380b</run_address>
         <size>0xe9</size>
         <input_file_ref idref="fl-a"/>
      </object_component>
      <object_component id="oc-12f">
         <name>.debug_line</name>
         <load_address>0x38f4</load_address>
         <run_address>0x38f4</run_address>
         <size>0x53</size>
         <input_file_ref idref="fl-a"/>
      </object_component>
      <object_component id="oc-158">
         <name>.debug_line</name>
         <load_address>0x3947</load_address>
         <run_address>0x3947</run_address>
         <size>0x53</size>
         <input_file_ref idref="fl-a"/>
      </object_component>
      <object_component id="oc-36">
         <name>.debug_line</name>
         <load_address>0x399a</load_address>
         <run_address>0x399a</run_address>
         <size>0x192</size>
         <input_file_ref idref="fl-a"/>
      </object_component>
      <object_component id="oc-2e">
         <name>.debug_line</name>
         <load_address>0x3b2c</load_address>
         <run_address>0x3b2c</run_address>
         <size>0xe8</size>
         <input_file_ref idref="fl-b"/>
      </object_component>
      <object_component id="oc-1d3">
         <name>.debug_line</name>
         <load_address>0x3c14</load_address>
         <run_address>0x3c14</run_address>
         <size>0x16b</size>
         <input_file_ref idref="fl-c"/>
      </object_component>
      <object_component id="oc-28d">
         <name>.debug_line</name>
         <load_address>0x3d7f</load_address>
         <run_address>0x3d7f</run_address>
         <size>0x50</size>
         <input_file_ref idref="fl-c"/>
      </object_component>
      <object_component id="oc-28b">
         <name>.debug_line</name>
         <load_address>0x3dcf</load_address>
         <run_address>0x3dcf</run_address>
         <size>0x50</size>
         <input_file_ref idref="fl-c"/>
      </object_component>
      <object_component id="oc-289">
         <name>.debug_line</name>
         <load_address>0x3e1f</load_address>
         <run_address>0x3e1f</run_address>
         <size>0x50</size>
         <input_file_ref idref="fl-c"/>
      </object_component>
      <object_component id="oc-131">
         <name>.debug_line</name>
         <load_address>0x3e6f</load_address>
         <run_address>0x3e6f</run_address>
         <size>0x222</size>
         <input_file_ref idref="fl-c"/>
      </object_component>
      <object_component id="oc-1d7">
         <name>.debug_line</name>
         <load_address>0x4091</load_address>
         <run_address>0x4091</run_address>
         <size>0x50</size>
         <input_file_ref idref="fl-c"/>
      </object_component>
      <object_component id="oc-b1">
         <name>.debug_line</name>
         <load_address>0x40e1</load_address>
         <run_address>0x40e1</run_address>
         <size>0x91</size>
         <input_file_ref idref="fl-d"/>
      </object_component>
      <object_component id="oc-b6">
         <name>.debug_line</name>
         <load_address>0x4172</load_address>
         <run_address>0x4172</run_address>
         <size>0x1c2</size>
         <input_file_ref idref="fl-e"/>
      </object_component>
      <object_component id="oc-da">
         <name>.debug_line</name>
         <load_address>0x4334</load_address>
         <run_address>0x4334</run_address>
         <size>0x69</size>
         <input_file_ref idref="fl-f"/>
      </object_component>
      <object_component id="oc-267">
         <name>.debug_line</name>
         <load_address>0x439d</load_address>
         <run_address>0x439d</run_address>
         <size>0x20</size>
         <input_file_ref idref="fl-10"/>
      </object_component>
      <object_component id="oc-a9">
         <name>.debug_line</name>
         <load_address>0x43bd</load_address>
         <run_address>0x43bd</run_address>
         <size>0x11e</size>
         <input_file_ref idref="fl-10"/>
      </object_component>
      <object_component id="oc-4d">
         <name>.debug_line</name>
         <load_address>0x44db</load_address>
         <run_address>0x44db</run_address>
         <size>0x88</size>
         <input_file_ref idref="fl-ca"/>
      </object_component>
      <object_component id="oc-10a">
         <name>.debug_line</name>
         <load_address>0x4563</load_address>
         <run_address>0x4563</run_address>
         <size>0x79</size>
         <input_file_ref idref="fl-cb"/>
      </object_component>
      <object_component id="oc-18a">
         <name>.debug_line</name>
         <load_address>0x45dc</load_address>
         <run_address>0x45dc</run_address>
         <size>0x68</size>
         <input_file_ref idref="fl-cc"/>
      </object_component>
      <object_component id="oc-264">
         <name>.debug_line</name>
         <load_address>0x4644</load_address>
         <run_address>0x4644</run_address>
         <size>0x81</size>
         <input_file_ref idref="fl-cd"/>
      </object_component>
      <object_component id="oc-1ec">
         <name>.debug_line</name>
         <load_address>0x46c5</load_address>
         <run_address>0x46c5</run_address>
         <size>0x92</size>
         <input_file_ref idref="fl-ce"/>
      </object_component>
      <object_component id="oc-62">
         <name>.debug_line</name>
         <load_address>0x4757</load_address>
         <run_address>0x4757</run_address>
         <size>0x53</size>
         <input_file_ref idref="fl-ce"/>
      </object_component>
      <object_component id="oc-106">
         <name>.debug_line</name>
         <load_address>0x47aa</load_address>
         <run_address>0x47aa</run_address>
         <size>0x34</size>
         <input_file_ref idref="fl-ce"/>
      </object_component>
      <object_component id="oc-1e9">
         <name>.debug_line</name>
         <load_address>0x47de</load_address>
         <run_address>0x47de</run_address>
         <size>0x92</size>
         <input_file_ref idref="fl-ce"/>
      </object_component>
      <object_component id="oc-101">
         <name>.debug_line</name>
         <load_address>0x4870</load_address>
         <run_address>0x4870</run_address>
         <size>0x20</size>
         <input_file_ref idref="fl-cf"/>
      </object_component>
      <object_component id="oc-1d">
         <name>.debug_line</name>
         <load_address>0x4890</load_address>
         <run_address>0x4890</run_address>
         <size>0x55</size>
         <input_file_ref idref="fl-cf"/>
      </object_component>
      <object_component id="oc-55">
         <name>.debug_line</name>
         <load_address>0x48e5</load_address>
         <run_address>0x48e5</run_address>
         <size>0x3a</size>
         <input_file_ref idref="fl-cf"/>
      </object_component>
      <object_component id="oc-fe">
         <name>.debug_line</name>
         <load_address>0x491f</load_address>
         <run_address>0x491f</run_address>
         <size>0x92</size>
         <input_file_ref idref="fl-cf"/>
      </object_component>
      <object_component id="oc-1e5">
         <name>.debug_line</name>
         <load_address>0x49b1</load_address>
         <run_address>0x49b1</run_address>
         <size>0x20</size>
         <input_file_ref idref="fl-d0"/>
      </object_component>
      <object_component id="oc-18">
         <name>.debug_line</name>
         <load_address>0x49d1</load_address>
         <run_address>0x49d1</run_address>
         <size>0xa9</size>
         <input_file_ref idref="fl-d0"/>
      </object_component>
      <object_component id="oc-45">
         <name>.debug_line</name>
         <load_address>0x4a7a</load_address>
         <run_address>0x4a7a</run_address>
         <size>0x3a</size>
         <input_file_ref idref="fl-d0"/>
      </object_component>
      <object_component id="oc-1e2">
         <name>.debug_line</name>
         <load_address>0x4ab4</load_address>
         <run_address>0x4ab4</run_address>
         <size>0x9a</size>
         <input_file_ref idref="fl-d0"/>
      </object_component>
      <object_component id="oc-f7">
         <name>.debug_line</name>
         <load_address>0x4b4e</load_address>
         <run_address>0x4b4e</run_address>
         <size>0x96</size>
         <input_file_ref idref="fl-d0"/>
      </object_component>
      <object_component id="oc-7d">
         <name>.debug_line</name>
         <load_address>0x4be4</load_address>
         <run_address>0x4be4</run_address>
         <size>0x33</size>
         <input_file_ref idref="fl-d1"/>
      </object_component>
      <object_component id="oc-6b">
         <name>.debug_line</name>
         <load_address>0x4c17</load_address>
         <run_address>0x4c17</run_address>
         <size>0x45</size>
         <input_file_ref idref="fl-d1"/>
      </object_component>
      <object_component id="oc-25f">
         <name>.debug_line</name>
         <load_address>0x4c5c</load_address>
         <run_address>0x4c5c</run_address>
         <size>0x37</size>
         <input_file_ref idref="fl-d2"/>
      </object_component>
      <object_component id="oc-2a9">
         <name>.debug_line</name>
         <load_address>0x4c93</load_address>
         <run_address>0x4c93</run_address>
         <size>0xbf</size>
         <input_file_ref idref="fl-d3"/>
      </object_component>
      <object_component id="oc-208">
         <name>.debug_line</name>
         <load_address>0x4d52</load_address>
         <run_address>0x4d52</run_address>
         <size>0x6f</size>
         <input_file_ref idref="fl-d3"/>
      </object_component>
      <object_component id="oc-2ad">
         <name>.debug_line</name>
         <load_address>0x4dc1</load_address>
         <run_address>0x4dc1</run_address>
         <size>0x2e</size>
         <input_file_ref idref="fl-d3"/>
      </object_component>
      <object_component id="oc-2c1">
         <name>.debug_line</name>
         <load_address>0x4def</load_address>
         <run_address>0x4def</run_address>
         <size>0x9a</size>
         <input_file_ref idref="fl-d3"/>
      </object_component>
      <object_component id="oc-2b2">
         <name>.debug_line</name>
         <load_address>0x4e89</load_address>
         <run_address>0x4e89</run_address>
         <size>0x97</size>
         <input_file_ref idref="fl-d3"/>
      </object_component>
      <object_component id="oc-2b7">
         <name>.debug_line</name>
         <load_address>0x4f20</load_address>
         <run_address>0x4f20</run_address>
         <size>0x93</size>
         <input_file_ref idref="fl-d3"/>
      </object_component>
      <object_component id="oc-114">
         <name>.debug_line</name>
         <load_address>0x4fb3</load_address>
         <run_address>0x4fb3</run_address>
         <size>0x40</size>
         <input_file_ref idref="fl-d4"/>
      </object_component>
      <object_component id="oc-1f9">
         <name>.debug_line</name>
         <load_address>0x4ff3</load_address>
         <run_address>0x4ff3</run_address>
         <size>0x3c</size>
         <input_file_ref idref="fl-d6"/>
      </object_component>
      <object_component id="oc-11a">
         <name>.debug_frame</name>
         <load_address>0x0</load_address>
         <run_address>0x0</run_address>
         <size>0x78</size>
         <input_file_ref idref="fl-2"/>
      </object_component>
      <object_component id="oc-39">
         <name>.debug_frame</name>
         <load_address>0x78</load_address>
         <run_address>0x78</run_address>
         <size>0x12c</size>
         <input_file_ref idref="fl-3"/>
      </object_component>
      <object_component id="oc-2c">
         <name>.debug_frame</name>
         <load_address>0x1a4</load_address>
         <run_address>0x1a4</run_address>
         <size>0x90</size>
         <input_file_ref idref="fl-4"/>
      </object_component>
      <object_component id="oc-13a">
         <name>.debug_frame</name>
         <load_address>0x234</load_address>
         <run_address>0x234</run_address>
         <size>0xb8</size>
         <input_file_ref idref="fl-6"/>
      </object_component>
      <object_component id="oc-a2">
         <name>.debug_frame</name>
         <load_address>0x2ec</load_address>
         <run_address>0x2ec</run_address>
         <size>0x330</size>
         <input_file_ref idref="fl-7"/>
      </object_component>
      <object_component id="oc-86">
         <name>.debug_frame</name>
         <load_address>0x61c</load_address>
[...]
         <value>0x511</value>
         <object_component_ref idref="oc-85"/>
      </symbol>
      <symbol id="sm-506">
         <name>vTaskInternalSetTimeOutState</name>
         <value>0x103d</value>
         <object_component_ref idref="oc-85"/>
      </symbol>
      <symbol id="sm-507">
         <name>pvTaskIncrementMutexHeldCount</name>
         <value>0x15a5</value>
         <object_component_ref idref="oc-85"/>
      </symbol>
      <symbol id="sm-508">
         <name>xTaskGenericNotifyStateClear</name>
         <value>0x1d4d</value>
         <object_component_ref idref="oc-85"/>
      </symbol>
      <symbol id="sm-509">
         <name>xTaskGenericNotify</name>
         <value>0x1761</value>
         <object_component_ref idref="oc-85"/>
      </symbol>
      <symbol id="sm-50a">
         <name>vTaskPriorityDisinheritAfterTimeout</name>
         <value>0x1439</value>
         <object_component_ref idref="oc-85"/>
      </symbol>
      <symbol id="sm-50b">
         <name>xTaskCreate</name>
         <value>0x26d</value>
         <object_component_ref idref="oc-85"/>
      </symbol>
      <symbol id="sm-50c">
         <name>xTaskGetApplicationTaskTagFromISR</name>
         <value>0xa8d</value>
         <object_component_ref idref="oc-85"/>
      </symbol>
      <symbol id="sm-50d">
         <name>vTaskEndScheduler</name>
         <value>0x5a1</value>
         <object_component_ref idref="oc-85"/>
      </symbol>
      <symbol id="sm-50e">
         <name>vTaskMissedYield</name>
         <value>0x1101</value>
         <object_component_ref idref="oc-85"/>
      </symbol>
      <symbol id="sm-50f">
         <name>uxTaskGetNumberOfTasks</name>
         <value>0x7b7</value>
         <object_component_ref idref="oc-85"/>
      </symbol>
      <symbol id="sm-510">
         <name>xTaskCatchUpTicks</name>
         <value>0x809</value>
         <object_component_ref idref="oc-85"/>
      </symbol>
      <symbol id="sm-511">
         <name>xTaskGenericNotifyFromISR</name>
         <value>0x1947</value>
         <object_component_ref idref="oc-85"/>
      </symbol>
      <symbol id="sm-512">
         <name>xTaskResumeAll</name>
         <value>0x5d9</value>
         <object_component_ref idref="oc-85"/>
      </symbol>
      <symbol id="sm-513">
         <name>vTaskSetApplicationTaskTag</name>
         <value>0xa3b</value>
         <object_component_ref idref="oc-85"/>
      </symbol>
      <symbol id="sm-514">
         <name>xTaskGetTickCount</name>
         <value>0x793</value>
         <object_component_ref idref="oc-85"/>
      </symbol>
      <symbol id="sm-515">
         <name>ulTaskGenericNotifyTake</name>
         <value>0x15bd</value>
         <object_component_ref idref="oc-85"/>
      </symbol>
      <symbol id="sm-516">
         <name>xTaskGetApplicationTaskTag</name>
         <value>0xa65</value>
         <object_component_ref idref="oc-85"/>
      </symbol>
      <symbol id="sm-517">
         <name>xTaskCallApplicationTaskHook</name>
         <value>0xac7</value>
         <object_component_ref idref="oc-85"/>
      </symbol>
      <symbol id="sm-518">
         <name>ulTaskGenericNotifyValueClear</name>
         <value>0x1db5</value>
         <object_component_ref idref="oc-85"/>
      </symbol>
      <symbol id="sm-519">
         <name>xTaskGenericNotifyWait</name>
         <value>0x1679</value>
         <object_component_ref idref="oc-85"/>
      </symbol>
      <symbol id="sm-51a">
         <name>pxCurrentTCB</name>
         <value>0x200043a0</value>
         <object_component_ref idref="oc-7f"/>
      </symbol>
      <symbol id="sm-51b">
         <name>xTaskGetTickCountFromISR</name>
         <value>0x7a3</value>
         <object_component_ref idref="oc-85"/>
      </symbol>
      <symbol id="sm-51c">
         <name>uxTopUsedPriority</name>
         <value>0x55b8</value>
         <object_component_ref idref="oc-146"/>
      </symbol>
      <symbol id="sm-51d">
         <name>vTaskPlaceOnEventListRestricted</name>
         <value>0xce1</value>
         <object_component_ref idref="oc-85"/>
      </symbol>
      <symbol id="sm-51e">
         <name>vTaskSetTimeOutState</name>
         <value>0x100b</value>
         <object_component_ref idref="oc-85"/>
      </symbol>
      <symbol id="sm-51f">
         <name>xTaskIncrementTick</name>
         <value>0x865</value>
         <object_component_ref idref="oc-85"/>
      </symbol>
      <symbol id="sm-520">
         <name>vTaskSwitchContext</name>
         <value>0xb15</value>
         <object_component_ref idref="oc-85"/>
      </symbol>
      <symbol id="sm-521">
         <name>uxTaskResetEventItemValue</name>
         <value>0x157f</value>
         <object_component_ref idref="oc-85"/>
      </symbol>
      <symbol id="sm-522">
         <name>xTaskGetSchedulerState</name>
         <value>0x11c1</value>
         <object_component_ref idref="oc-85"/>
      </symbol>
      <symbol id="sm-523">
         <name>xTaskGetCurrentTaskHandle</name>
         <value>0x11b1</value>
         <object_component_ref idref="oc-85"/>
      </symbol>
      <symbol id="sm-524">
         <name>vTaskPlaceOnUnorderedEventList</name>
         <value>0xc49</value>
         <object_component_ref idref="oc-85"/>
      </symbol>
      <symbol id="sm-525">
         <name>xTaskRemoveFromEventList</name>
         <value>0xd65</value>
         <object_component_ref idref="oc-85"/>
      </symbol>
      <symbol id="sm-526">
         <name>xTaskPriorityInherit</name>
         <value>0x11f1</value>
         <object_component_ref idref="oc-85"/>
      </symbol>
      <symbol id="sm-5ee">
         <name>xTimerGetTimerDaemonTaskHandle</name>
         <value>0x3a5d</value>
         <object_component_ref idref="oc-13c"/>
      </symbol>
      <symbol id="sm-5ef">
         <name>pcTimerGetName</name>
         <value>0x3b65</value>
         <object_component_ref idref="oc-13c"/>
      </symbol>
      <symbol id="sm-5f0">
         <name>xTimerCreateTimerTask</name>
         <value>0x3901</value>
         <object_component_ref idref="oc-13c"/>
      </symbol>
      <symbol id="sm-5f1">
         <name>xTimerGetExpiryTime</name>
         <value>0x3b37</value>
         <object_component_ref idref="oc-13c"/>
      </symbol>
      <symbol id="sm-5f2">
         <name>xTimerIsTimerActive</name>
         <value>0x3f8d</value>
         <object_component_ref idref="oc-13c"/>
      </symbol>
      <symbol id="sm-5f3">
         <name>xTimerGetPeriod</name>
         <value>0x3a7f</value>
         <object_component_ref idref="oc-13c"/>
      </symbol>
      <symbol id="sm-5f4">
         <name>xTimerGetReloadMode</name>
         <value>0x3aef</value>
         <object_component_ref idref="oc-13c"/>
      </symbol>
      <symbol id="sm-5f5">
         <name>xTimerCreate</name>
         <value>0x393f</value>
         <object_component_ref idref="oc-13c"/>
      </symbol>
      <symbol id="sm-5f6">
         <name>vTimerSetReloadMode</name>
         <value>0x3aa5</value>
         <object_component_ref idref="oc-13c"/>
      </symbol>
      <symbol id="sm-5f7">
         <name>xTimerGenericCommand</name>
         <value>0x39dd</value>
         <object_component_ref idref="oc-13c"/>
      </symbol>
      <symbol id="sm-5f8">
         <name>uxTimerGetReloadMode</name>
         <value>0x3b2b</value>
         <object_component_ref idref="oc-13c"/>
      </symbol>
      <symbol id="sm-5f9">
         <name>pvTimerGetTimerID</name>
         <value>0x3fc9</value>
         <object_component_ref idref="oc-13c"/>
      </symbol>
      <symbol id="sm-5fa">
         <name>xTimerPendFunctionCallFromISR</name>
         <value>0x4025</value>
         <object_component_ref idref="oc-13c"/>
      </symbol>
      <symbol id="sm-5fb">
         <name>xTimerPendFunctionCall</name>
         <value>0x405b</value>
         <object_component_ref idref="oc-13c"/>
      </symbol>
      <symbol id="sm-5fc">
         <name>vTimerSetTimerID</name>
         <value>0x3ff7</value>
         <object_component_ref idref="oc-13c"/>
      </symbol>
      <symbol id="sm-64e">
         <name>ulMaxSyscallInterruptPriority</name>
         <value>0x55b0</value>
         <object_component_ref idref="oc-82"/>
      </symbol>
      <symbol id="sm-64f">
         <name>vPortSetupTimerInterrupt</name>
         <value>0x4aa5</value>
         <object_component_ref idref="oc-32"/>
      </symbol>
      <symbol id="sm-650">
         <name>vPortEndScheduler</name>
         <value>0x49ed</value>
         <object_component_ref idref="oc-32"/>
      </symbol>
      <symbol id="sm-651">
         <name>xPortSysTickHandler</name>
         <value>0x4a7f</value>
         <object_component_ref idref="oc-32"/>
      </symbol>
      <symbol id="sm-652">
         <name>vPortValidateInterruptPriority</name>
         <value>0x4abf</value>
         <object_component_ref idref="oc-32"/>
      </symbol>
      <symbol id="sm-653">
         <name>pxPortInitialiseStack</name>
         <value>0x48a9</value>
         <object_component_ref idref="oc-32"/>
      </symbol>
      <symbol id="sm-654">
         <name>vPortExitCritical</name>
         <value>0x4a53</value>
         <object_component_ref idref="oc-32"/>
      </symbol>
      <symbol id="sm-655">
         <name>xPortStartScheduler</name>
         <value>0x4935</value>
         <object_component_ref idref="oc-32"/>
      </symbol>
      <symbol id="sm-656">
         <name>vPortEnterCritical</name>
         <value>0x4a11</value>
         <object_component_ref idref="oc-32"/>
      </symbol>
      <symbol id="sm-665">
         <name>vPortStartFirstTask</name>
         <value>0x5201</value>
         <object_component_ref idref="oc-2d"/>
      </symbol>
      <symbol id="sm-666">
         <name>ulPortGetIPSR</name>
         <value>0x5169</value>
         <object_component_ref idref="oc-2d"/>
      </symbol>
      <symbol id="sm-667">
         <name>vPortEnableVFP</name>
         <value>0x5225</value>
         <object_component_ref idref="oc-2d"/>
      </symbol>
      <symbol id="sm-668">
         <name>xPortPendSVHandler</name>
         <value>0x5181</value>
         <object_component_ref idref="oc-2d"/>
      </symbol>
      <symbol id="sm-669">
         <name>vPortSVCHandler</name>
         <value>0x51e1</value>
         <object_component_ref idref="oc-2d"/>
      </symbol>
      <symbol id="sm-6da">
         <name>vPortInitialiseBlocks</name>
         <value>0x42b9</value>
         <object_component_ref idref="oc-130"/>
      </symbol>
      <symbol id="sm-6db">
         <name>vPortGetHeapStats</name>
         <value>0x444d</value>
         <object_component_ref idref="oc-130"/>
      </symbol>
      <symbol id="sm-6dc">
         <name>xPortGetFreeHeapSize</name>
         <value>0x42ad</value>
         <object_component_ref idref="oc-130"/>
      </symbol>
      <symbol id="sm-6dd">
         <name>pvPortCalloc</name>
         <value>0x42bb</value>
         <object_component_ref idref="oc-130"/>
      </symbol>
      <symbol id="sm-6de">
         <name>pvPortMalloc</name>
         <value>0x40bd</value>
         <object_component_ref idref="oc-130"/>
      </symbol>
      <symbol id="sm-6df">
         <name>vPortFree</name>
         <value>0x4211</value>
         <object_component_ref idref="oc-130"/>
      </symbol>
      <symbol id="sm-6e0">
         <name>xPortGetMinimumEverFreeHeapSize</name>
         <value>0x42b3</value>
         <object_component_ref idref="oc-130"/>
      </symbol>
      <symbol id="sm-6ff">
         <name>ADC0_Read_AIN1_PE2</name>
         <value>0x4fad</value>
         <object_component_ref idref="oc-ad"/>
      </symbol>
      <symbol id="sm-700">
         <name>ADC0_Init</name>
         <value>0x4f01</value>
         <object_component_ref idref="oc-ad"/>
      </symbol>
      <symbol id="sm-72c">
         <name>GPIO_SW1GetState</name>
         <value>0x4c3d</value>
         <object_component_ref idref="oc-b3"/>
      </symbol>
      <symbol id="sm-72d">
         <name>GPIO_GreenLedOn</name>
         <value>0x4be9</value>
         <object_component_ref idref="oc-b3"/>
      </symbol>
      <symbol id="sm-72e">
         <name>GPIO_BlueLedToggle</name>
         <value>0x4c25</value>
         <object_component_ref idref="oc-b3"/>
      </symbol>
      <symbol id="sm-72f">
         <name>GPIO_SW2GetState</name>
         <value>0x4c47</value>
         <object_component_ref idref="oc-b3"/>
      </symbol>
      <symbol id="sm-730">
         <name>GPIO_SW2EdgeTriggeredInterruptInit</name>
         <value>0x4c9f</value>
         <object_component_ref idref="oc-b3"/>
      </symbol>
      <symbol id="sm-731">
         <name>GPIO_BuiltinButtonsLedsInit</name>
         <value>0x4b5d</value>
         <object_component_ref idref="oc-b3"/>
      </symbol>
      <symbol id="sm-732">
         <name>GPIO_RedLedToggle</name>
         <value>0x4c19</value>
         <object_component_ref idref="oc-b3"/>
      </symbol>
      <symbol id="sm-733">
         <name>GPIO_BlueLedOff</name>
         <value>0x4c01</value>
         <object_component_ref idref="oc-b3"/>
      </symbol>
      <symbol id="sm-734">
         <name>GPIO_SW1EdgeTriggeredInterruptInit</name>
         <value>0x4c51</value>
         <object_component_ref idref="oc-b3"/>
      </symbol>
      <symbol id="sm-735">
         <name>GPIO_GreenLedOff</name>
         <value>0x4c0d</value>
         <object_component_ref idref="oc-b3"/>
      </symbol>
      <symbol id="sm-736">
         <name>GPIO_GreenLedToggle</name>
         <value>0x4c31</value>
         <object_component_ref idref="oc-b3"/>
      </symbol>
      <symbol id="sm-737">
         <name>GPIO_RedLedOff</name>
         <value>0x4bf5</value>
         <object_component_ref idref="oc-b3"/>
      </symbol>
      <symbol id="sm-738">
         <name>GPIO_BlueLedOn</name>
         <value>0x4bdd</value>
         <object_component_ref idref="oc-b3"/>
      </symbol>
      <symbol id="sm-739">
         <name>GPIO_RedLedOn</name>
         <value>0x4bd1</value>
         <object_component_ref idref="oc-b3"/>
      </symbol>
      <symbol id="sm-74b">
         <name>GPTM_WTimer0Init</name>
         <value>0x54b5</value>
         <object_component_ref idref="oc-d5"/>
      </symbol>
      <symbol id="sm-74c">
         <name>GPTM_WTimer0Read</name>
         <value>0x54e5</value>
         <object_component_ref idref="oc-d5"/>
      </symbol>
      <symbol id="sm-77a">
         <name>UART0_SendInteger</name>
         <value>0x4e21</value>
         <object_component_ref idref="oc-a7"/>
      </symbol>
      <symbol id="sm-77b">
         <name>UART0_ReceiveByte</name>
         <value>0x4deb</value>
         <object_component_ref idref="oc-a7"/>
      </symbol>
      <symbol id="sm-77c">
         <name>UART0_SendByte</name>
         <value>0x4dcf</value>
         <object_component_ref idref="oc-a7"/>
      </symbol>
      <symbol id="sm-77d">
         <name>UART0_Init</name>
         <value>0x4d8f</value>
         <object_component_ref idref="oc-a7"/>
      </symbol>
      <symbol id="sm-77e">
         <name>UART0_SendString</name>
         <value>0x4dfb</value>
         <object_component_ref idref="oc-a7"/>
      </symbol>
      <symbol id="sm-799">
         <name>memcpy</name>
         <value>0x5233</value>
         <object_component_ref idref="oc-4c"/>
      </symbol>
      <symbol id="sm-79a">
         <name>__aeabi_memcpy</name>
         <value>0x5233</value>
         <object_component_ref idref="oc-4c"/>
      </symbol>
      <symbol id="sm-79b">
         <name>__aeabi_memcpy8</name>
         <value>0x5233</value>
         <object_component_ref idref="oc-4c"/>
      </symbol>
      <symbol id="sm-79c">
         <name>__aeabi_memcpy4</name>
         <value>0x5233</value>
         <object_component_ref idref="oc-4c"/>
      </symbol>
      <symbol id="sm-7ab">
         <name>__aeabi_memset</name>
         <value>0x5367</value>
         <object_component_ref idref="oc-109"/>
      </symbol>
      <symbol id="sm-7ac">
         <name>memset</name>
         <value>0x536d</value>
         <object_component_ref idref="oc-109"/>
      </symbol>
      <symbol id="sm-7ad">
         <name>__aeabi_memset8</name>
         <value>0x5367</value>
         <object_component_ref idref="oc-109"/>
      </symbol>
      <symbol id="sm-7ae">
         <name>__aeabi_memset4</name>
         <value>0x5367</value>
         <object_component_ref idref="oc-109"/>
      </symbol>
      <symbol id="sm-7af">
         <name>__aeabi_memclr8</name>
         <value>0x5365</value>
         <object_component_ref idref="oc-109"/>
      </symbol>
      <symbol id="sm-7b0">
         <name>__aeabi_memclr4</name>
         <value>0x5365</value>
         <object_component_ref idref="oc-109"/>
      </symbol>
      <symbol id="sm-7b1">
         <name>__aeabi_memclr</name>
         <value>0x5365</value>
         <object_component_ref idref="oc-109"/>
      </symbol>
      <symbol id="sm-7bf">
         <name>__aeabi_ldivmod</name>
         <value>0x53df</value>
         <object_component_ref idref="oc-189"/>
      </symbol>
      <symbol id="sm-7cc">
         <name>__aeabi_uldivmod</name>
         <value>0x52cf</value>
         <object_component_ref idref="oc-260"/>
      </symbol>
      <symbol id="sm-7e3">
         <name>__TI_zero_init</name>
         <value>0x558f</value>
         <object_component_ref idref="oc-5e"/>
      </symbol>
      <symbol id="sm-7fa">
         <name>__TI_decompress_none</name>
         <value>0x5581</value>
         <object_component_ref idref="oc-1b"/>
      </symbol>
      <symbol id="sm-81d">
         <name>__TI_decompress_lzss</name>
         <value>0x544d</value>
         <object_component_ref idref="oc-15"/>
      </symbol>
      <symbol id="sm-830">
         <name>__stack</name>
         <value>0x200041a0</value>
         <object_component_ref idref="oc-24"/>
      </symbol>
      <symbol id="sm-831">
         <name>_c_int00_noargs</name>
         <value>0x554d</value>
         <object_component_ref idref="oc-6a"/>
      </symbol>
      <symbol id="sm-83b">
         <name>__aeabi_idiv0</name>
         <value>0x2eab</value>
         <object_component_ref idref="oc-25b"/>
      </symbol>
      <symbol id="sm-83c">
         <name>__aeabi_ldiv0</name>
         <value>0x2eab</value>
         <object_component_ref idref="oc-25b"/>
      </symbol>
      <symbol id="sm-864">
         <name>__TI_auto_init_nobinit_nopinit</name>
         <value>0x5509</value>
         <object_component_ref idref="oc-204"/>
      </symbol>
      <symbol id="sm-86e">
         <name>_system_pre_init</name>
         <value>0x55a7</value>
         <object_component_ref idref="oc-10f"/>
      </symbol>
      <symbol id="sm-87a">
         <name>C$$EXIT</name>
         <value>0x55ab</value>
         <object_component_ref idref="oc-1f8"/>
      </symbol>
      <symbol id="sm-87b">
         <name>abort</name>
         <value>0x55ab</value>
         <object_component_ref idref="oc-1f8"/>
      </symbol>
      <symbol id="sm-87e">
         <name>__TI_static_base__</name>
         <value>0x0</value>
      </symbol>
      <symbol id="sm-881">
         <name>__mpu_init</name>
         <value>0x0</value>
      </symbol>
      <symbol id="sm-882">
         <name>_system_post_cinit</name>
         <value>0x0</value>
      </symbol>
   </symbol_table>
   <title>Link successful</title>
</link_info>
